[BTC-USDT-SWAP] pivot params: n=3, min_diff=0.0075

=== [BTC-USDT-SWAP] loading data ===
5m rows: 690,897 / 1m rows: 3,454,478
Calculating global pivots on 5m...
pivots: 29440  (118.9s)
Mapping 1m rows to waves and extracting features...
  200,000/3,454,478  (2.1s)
  400,000/3,454,478  (4.3s)
  600,000/3,454,478  (6.5s)
  800,000/3,454,478  (8.7s)
  1,000,000/3,454,478  (11.0s)
  1,200,000/3,454,478  (13.9s)
  1,400,000/3,454,478  (16.1s)
  1,600,000/3,454,478  (18.2s)
  1,800,000/3,454,478  (20.3s)
  2,000,000/3,454,478  (22.3s)
  2,200,000/3,454,478  (24.4s)
  2,400,000/3,454,478  (26.5s)
  2,600,000/3,454,478  (28.6s)
  2,800,000/3,454,478  (30.8s)
  3,000,000/3,454,478  (32.9s)
  3,200,000/3,454,478  (35.0s)
  3,400,000/3,454,478  (37.1s)
[BTC-USDT-SWAP] cache saved: /home/henjigcp/git/quant_real_RL/caches/features_v9b_BTC-USDT-SWAP.npy  rows=3,453,482  (160.4s)

--- [BTC-USDT-SWAP] feature distribution ---
feature                           p1       p5       p25      p50      p75      p95      p99      
wave_scale_percent                0.754    0.781    0.933    1.193    1.639    2.863    4.385    
wave_duration_day                 0.010    0.014    0.042    0.094    0.208    0.597    1.177    
rsi_previous                      25.400   38.200   50.000   50.000   50.000   65.000   76.200   
divergence_price_gap_percent      0.000    0.000    0.000    0.000    0.000    0.549    1.490    
relative_volume_strength          0.002    0.007    0.026    0.059    0.128    0.381    0.793    
volatility_ratio                  0.231    0.391    0.643    0.888    1.243    2.186    3.675    
adx_5m                            9.876    12.227   17.416   23.100   31.460   47.858   59.837   
fib_pos                           0.002    0.030    0.121    0.218    0.344    0.573    0.746    
wave_age_min                      1.000    5.000    33.000   91.000   233.000  765.000  1719.000 
rsi_now                           24.000   32.600   43.300   50.400   57.300   68.000   76.800   
ret_5m                            -0.005   -0.003   -0.001   0.000    0.001    0.003    0.006    
ret_15m                           -0.009   -0.004   -0.001   0.000    0.001    0.004    0.009    
ret_1h                            -0.019   -0.009   -0.002   0.000    0.002    0.009    0.019    
atr_close_percent                 0.034    0.061    0.121    0.184    0.278    0.513    0.850    
[BTC-USDT-SWAP] distribution report saved: /home/henjigcp/git/quant_real_RL/caches/dist_report_v9b_BTC-USDT-SWAP.json
[ETH-USDT-SWAP] pivot params: n=4, min_diff=0.015

=== [ETH-USDT-SWAP] loading data ===
5m rows: 688,643 / 1m rows: 3,443,002
Calculating global pivots on 5m...
pivots: 14995  (107.7s)
Mapping 1m rows to waves and extracting features...
  200,000/3,443,002  (2.1s)
  400,000/3,443,002  (4.2s)
  600,000/3,443,002  (6.3s)
  800,000/3,443,002  (8.7s)
  1,000,000/3,443,002  (10.9s)
  1,200,000/3,443,002  (13.0s)
  1,400,000/3,443,002  (15.1s)
  1,600,000/3,443,002  (17.2s)
  1,800,000/3,443,002  (19.3s)
  2,000,000/3,443,002  (21.4s)
  2,200,000/3,443,002  (23.5s)
  2,400,000/3,443,002  (25.6s)
  2,600,000/3,443,002  (27.7s)
  2,800,000/3,443,002  (29.8s)
  3,000,000/3,443,002  (32.0s)
  3,200,000/3,443,002  (34.1s)
  3,400,000/3,443,002  (36.2s)
[ETH-USDT-SWAP] cache saved: /home/henjigcp/git/quant_real_RL/caches/features_v9b_ETH-USDT-SWAP.npy  rows=3,442,002  (147.9s)

--- [ETH-USDT-SWAP] feature distribution ---
feature                           p1       p5       p25      p50      p75      p95      p99      
wave_scale_percent                1.502    1.561    1.857    2.366    3.236    5.534    7.998    
wave_duration_day                 0.014    0.028    0.083    0.188    0.392    1.010    2.014    
rsi_previous                      20.900   32.300   50.000   50.000   50.000   70.500   80.700   
divergence_price_gap_percent      0.000    0.000    0.000    0.000    0.000    1.657    3.800    
relative_volume_strength          0.002    0.008    0.033    0.081    0.186    0.535    1.000    
volatility_ratio                  0.281    0.417    0.654    0.891    1.234    2.135    3.540    
adx_5m                            9.925    12.300   17.579   23.464   32.089   48.732   60.861   
fib_pos                           0.009    0.040    0.128    0.220    0.338    0.551    0.710    
wave_age_min                      2.000    11.000   67.000   186.000  441.000  1268.000 2635.000 
rsi_now                           23.500   32.200   43.300   50.400   57.400   68.300   77.100   
ret_5m                            -0.007   -0.003   -0.001   0.000    0.001    0.003    0.007    
ret_15m                           -0.012   -0.006   -0.002   0.000    0.002    0.006    0.012    
ret_1h                            -0.025   -0.012   -0.003   0.000    0.003    0.012    0.025    
atr_close_percent                 0.057    0.093    0.172    0.254    0.371    0.657    1.105    
[ETH-USDT-SWAP] distribution report saved: /home/henjigcp/git/quant_real_RL/caches/dist_report_v9b_ETH-USDT-SWAP.json
[BTC-USDT-SWAP] pivot params: n=3, min_diff=0.0075

=== [BTC-USDT-SWAP] loading data ===
5m rows: 34,560 / 1m rows: 172,801
Calculating global pivots on 5m...
pivots: 916  (10.6s)
Mapping 1m rows to waves and extracting features...
[BTC-USDT-SWAP] cache saved: /home/henjigcp/git/quant_real_RL/caches/features_v9b_BTC-USDT-SWAP_recent120d.npy  rows=171,798  (12.6s)

--- [BTC-USDT-SWAP] feature distribution ---
feature                           p1       p5       p25      p50      p75      p95      p99      
wave_scale_percent                0.755    0.785    0.936    1.201    1.612    2.568    3.524    
wave_duration_day                 0.010    0.024    0.069    0.146    0.288    0.760    1.139    
rsi_previous                      20.800   31.300   50.000   50.000   50.000   67.400   77.200   
divergence_price_gap_percent      0.000    0.000    0.000    0.000    0.000    0.811    1.470    
relative_volume_strength          0.002    0.008    0.027    0.064    0.150    0.447    0.794    
volatility_ratio                  0.292    0.410    0.646    0.887    1.236    2.154    3.497    
adx_5m                            9.883    12.398   17.617   23.626   32.097   46.955   56.782   
fib_pos                           0.007    0.034    0.119    0.207    0.324    0.545    0.707    
wave_age_min                      1.000    9.000    53.000   140.000  320.000  941.000  1707.000 
rsi_now                           23.800   31.600   42.300   50.000   57.700   68.600   76.500   
ret_5m                            -0.004   -0.002   -0.001   -0.000   0.001    0.002    0.004    
ret_15m                           -0.006   -0.003   -0.001   -0.000   0.001    0.003    0.007    
ret_1h                            -0.012   -0.007   -0.002   -0.000   0.002    0.007    0.013    
atr_close_percent                 0.049    0.065    0.107    0.146    0.204    0.324    0.446    
[BTC-USDT-SWAP] distribution report saved: /home/henjigcp/git/quant_real_RL/caches/dist_report_v9b_BTC-USDT-SWAP_recent120d.json
[ETH-USDT-SWAP] pivot params: n=4, min_diff=0.015

=== [ETH-USDT-SWAP] loading data ===
5m rows: 34,602 / 1m rows: 172,801
Calculating global pivots on 5m...
pivots: 417  (9.8s)
Mapping 1m rows to waves and extracting features...
[ETH-USDT-SWAP] cache saved: /home/henjigcp/git/quant_real_RL/caches/features_v9b_ETH-USDT-SWAP_recent120d.npy  rows=171,797  (11.7s)

--- [ETH-USDT-SWAP] feature distribution ---
feature                           p1       p5       p25      p50      p75      p95      p99      
wave_scale_percent                1.505    1.557    1.824    2.211    3.144    5.319    6.889    
wave_duration_day                 0.024    0.042    0.132    0.278    0.573    1.229    2.059    
rsi_previous                      19.900   30.200   50.000   50.000   50.000   68.100   80.700   
divergence_price_gap_percent      0.000    0.000    0.000    0.000    0.000    1.724    3.525    
relative_volume_strength          0.002    0.007    0.026    0.071    0.181    0.808    1.000    
volatility_ratio                  0.309    0.418    0.640    0.877    1.226    2.194    3.708    
adx_5m                            9.829    12.296   17.608   23.826   32.859   48.591   60.158   
fib_pos                           0.019    0.051    0.133    0.219    0.340    0.541    0.673    
wave_age_min                      4.000    20.000   120.000  303.000  651.000  1627.000 2440.000 
rsi_now                           23.000   31.500   42.600   50.000   57.300   68.400   77.000   
ret_5m                            -0.005   -0.002   -0.001   -0.000   0.001    0.002    0.005    
ret_15m                           -0.008   -0.004   -0.001   -0.000   0.001    0.004    0.008    
ret_1h                            -0.017   -0.008   -0.002   0.000    0.002    0.008    0.017    
atr_close_percent                 0.062    0.086    0.142    0.194    0.269    0.426    0.580    
[ETH-USDT-SWAP] distribution report saved: /home/henjigcp/git/quant_real_RL/caches/dist_report_v9b_ETH-USDT-SWAP_recent120d.json
ALL_CACHES_DONE
