run_name: v9_fullctrl_seed0_0723-1827
Using cpu device
Logging to /home/henjigcp/git/quant_real_RL/logs/v9_fullctrl/v9_fullctrl_seed0_0723-1827
-----------------------------
| time/              |      |
|    fps             | 3711 |
|    iterations      | 1    |
|    time_elapsed    | 2    |
|    total_timesteps | 8192 |
-----------------------------
-----------------------------------------
| time/                   |             |
|    fps                  | 3321        |
|    iterations           | 2           |
|    time_elapsed         | 4           |
|    total_timesteps      | 16384       |
| train/                  |             |
|    approx_kl            | 0.011759704 |
|    clip_fraction        | 0.0758      |
|    clip_range           | 0.2         |
|    entropy_loss         | -1.09       |
|    explained_variance   | -0.81       |
|    learning_rate        | 0.0003      |
|    loss                 | -0.0181     |
|    n_updates            | 10          |
|    policy_gradient_loss | -0.00545    |
|    value_loss           | 0.00669     |
-----------------------------------------
------------------------------------------
| time/                   |              |
|    fps                  | 3172         |
|    iterations           | 3            |
|    time_elapsed         | 7            |
|    total_timesteps      | 24576        |
| train/                  |              |
|    approx_kl            | 0.0071404856 |
|    clip_fraction        | 0.0245       |
|    clip_range           | 0.2          |
|    entropy_loss         | -1.09        |
|    explained_variance   | 0.536        |
|    learning_rate        | 0.0003       |
|    loss                 | -0.0206      |
|    n_updates            | 20           |
|    policy_gradient_loss | -0.00176     |
|    value_loss           | 0.00121      |
------------------------------------------
-----------------------------------------
| time/                   |             |
|    fps                  | 3116        |
|    iterations           | 4           |
|    time_elapsed         | 10          |
|    total_timesteps      | 32768       |
| train/                  |             |
|    approx_kl            | 0.006015873 |
|    clip_fraction        | 0.0196      |
|    clip_range           | 0.2         |
|    entropy_loss         | -1.09       |
|    explained_variance   | 0.627       |
|    learning_rate        | 0.0003      |
|    loss                 | -0.0175     |
|    n_updates            | 30          |
|    policy_gradient_loss | -0.00269    |
|    value_loss           | 0.000986    |
-----------------------------------------
------------------------------------------
| time/                   |              |
|    fps                  | 3051         |
|    iterations           | 5            |
|    time_elapsed         | 13           |
|    total_timesteps      | 40960        |
| train/                  |              |
|    approx_kl            | 0.0092358515 |
|    clip_fraction        | 0.0225       |
|    clip_range           | 0.2          |
|    entropy_loss         | -1.07        |
|    explained_variance   | 0.23         |
|    learning_rate        | 0.0003       |
|    loss                 | -0.0123      |
|    n_updates            | 40           |
|    policy_gradient_loss | -0.00286     |
|    value_loss           | 0.000501     |
------------------------------------------
------------------------------------------
| time/                   |              |
|    fps                  | 3022         |
|    iterations           | 6            |
|    time_elapsed         | 16           |
|    total_timesteps      | 49152        |
| train/                  |              |
|    approx_kl            | 0.0061667506 |
|    clip_fraction        | 0.0129       |
|    clip_range           | 0.2          |
|    entropy_loss         | -1.05        |
|    explained_variance   | 0.566        |
|    learning_rate        | 0.0003       |
|    loss                 | -0.0121      |
|    n_updates            | 50           |
|    policy_gradient_loss | -0.00237     |
|    value_loss           | 0.000178     |
------------------------------------------
-----------------------------------------
| time/                   |             |
|    fps                  | 2998        |
|    iterations           | 7           |
|    time_elapsed         | 19          |
|    total_timesteps      | 57344       |
| train/                  |             |
|    approx_kl            | 0.007976414 |
|    clip_fraction        | 0.0295      |
|    clip_range           | 0.2         |
|    entropy_loss         | -1.03       |
|    explained_variance   | 0.362       |
|    learning_rate        | 0.0003      |
|    loss                 | -0.0208     |
|    n_updates            | 60          |
|    policy_gradient_loss | -0.00319    |
|    value_loss           | 0.00011     |
-----------------------------------------
-----------------------------------------
| time/                   |             |
|    fps                  | 2998        |
|    iterations           | 8           |
|    time_elapsed         | 21          |
|    total_timesteps      | 65536       |
| train/                  |             |
|    approx_kl            | 0.005590006 |
|    clip_fraction        | 0.019       |
|    clip_range           | 0.2         |
|    entropy_loss         | -1.03       |
|    explained_variance   | 0.488       |
|    learning_rate        | 0.0003      |
|    loss                 | -0.00787    |
|    n_updates            | 70          |
|    policy_gradient_loss | -0.00247    |
|    value_loss           | 8.15e-05    |
-----------------------------------------
------------------------------------------
| time/                   |              |
|    fps                  | 3000         |
|    iterations           | 9            |
|    time_elapsed         | 24           |
|    total_timesteps      | 73728        |
| train/                  |              |
|    approx_kl            | 0.0059496732 |
|    clip_fraction        | 0.0205       |
|    clip_range           | 0.2          |
|    entropy_loss         | -1.03        |
|    explained_variance   | 0.486        |
|    learning_rate        | 0.0003       |
|    loss                 | -0.016       |
|    n_updates            | 80           |
|    policy_gradient_loss | -0.00289     |
|    value_loss           | 6.63e-05     |
------------------------------------------
-----------------------------------------
| time/                   |             |
|    fps                  | 2970        |
|    iterations           | 10          |
|    time_elapsed         | 27          |
|    total_timesteps      | 81920       |
| train/                  |             |
|    approx_kl            | 0.008008016 |
|    clip_fraction        | 0.024       |
|    clip_range           | 0.2         |
|    entropy_loss         | -1.03       |
|    explained_variance   | 0.434       |
|    learning_rate        | 0.0003      |
|    loss                 | -0.0151     |
|    n_updates            | 90          |
|    policy_gradient_loss | -0.00326    |
|    value_loss           | 7.93e-05    |
-----------------------------------------
-----------------------------------------
| time/                   |             |
|    fps                  | 2971        |
|    iterations           | 11          |
|    time_elapsed         | 30          |
|    total_timesteps      | 90112       |
| train/                  |             |
|    approx_kl            | 0.008297166 |
|    clip_fraction        | 0.0264      |
|    clip_range           | 0.2         |
|    entropy_loss         | -1.02       |
|    explained_variance   | 0.535       |
|    learning_rate        | 0.0003      |
|    loss                 | -0.0203     |
|    n_updates            | 100         |
|    policy_gradient_loss | -0.00325    |
|    value_loss           | 7.1e-05     |
-----------------------------------------
-----------------------------------------
| time/                   |             |
|    fps                  | 2970        |
|    iterations           | 12          |
|    time_elapsed         | 33          |
|    total_timesteps      | 98304       |
| train/                  |             |
|    approx_kl            | 0.007878963 |
|    clip_fraction        | 0.0271      |
|    clip_range           | 0.2         |
|    entropy_loss         | -0.912      |
|    explained_variance   | 0.556       |
|    learning_rate        | 0.000299    |
|    loss                 | -0.0188     |
|    n_updates            | 110         |
|    policy_gradient_loss | -0.00341    |
|    value_loss           | 6.44e-05    |
-----------------------------------------
---------------------------------------
| time/                   |           |
|    fps                  | 2970      |
|    iterations           | 13        |
|    time_elapsed         | 35        |
|    total_timesteps      | 106496    |
| train/                  |           |
|    approx_kl            | 0.0064808 |
|    clip_fraction        | 0.0224    |
|    clip_range           | 0.2       |
|    entropy_loss         | -0.965    |
|    explained_variance   | 0.692     |
|    learning_rate        | 0.000299  |
|    loss                 | -0.00902  |
|    n_updates            | 120       |
|    policy_gradient_loss | -0.00218  |
|    value_loss           | 5.15e-05  |
---------------------------------------
-----------------------------------------
| time/                   |             |
|    fps                  | 2970        |
|    iterations           | 14          |
|    time_elapsed         | 38          |
|    total_timesteps      | 114688      |
| train/                  |             |
|    approx_kl            | 0.004321255 |
|    clip_fraction        | 0.0211      |
|    clip_range           | 0.2         |
|    entropy_loss         | -0.99       |
|    explained_variance   | 0.216       |
|    learning_rate        | 0.000299    |
|    loss                 | -0.00938    |
|    n_updates            | 130         |
|    policy_gradient_loss | -0.00214    |
|    value_loss           | 5e-05       |
-----------------------------------------
------------------------------------------
| time/                   |              |
|    fps                  | 2976         |
|    iterations           | 15           |
|    time_elapsed         | 41           |
|    total_timesteps      | 122880       |
| train/                  |              |
|    approx_kl            | 0.0057589784 |
|    clip_fraction        | 0.0338       |
|    clip_range           | 0.2          |
|    entropy_loss         | -1           |
|    explained_variance   | 0.443        |
|    learning_rate        | 0.000299     |
|    loss                 | -0.0148      |
|    n_updates            | 140          |
|    policy_gradient_loss | -0.00305     |
|    value_loss           | 4.57e-05     |
------------------------------------------
------------------------------------------
| time/                   |              |
|    fps                  | 2972         |
|    iterations           | 16           |
|    time_elapsed         | 44           |
|    total_timesteps      | 131072       |
| train/                  |              |
|    approx_kl            | 0.0058651427 |
|    clip_fraction        | 0.0162       |
|    clip_range           | 0.2          |
|    entropy_loss         | -0.996       |
|    explained_variance   | 0.333        |
|    learning_rate        | 0.000299     |
|    loss                 | -0.00787     |
|    n_updates            | 150          |
|    policy_gradient_loss | -0.00218     |
|    value_loss           | 4.56e-05     |
------------------------------------------
-----------------------------------------
| time/                   |             |
|    fps                  | 2946        |
|    iterations           | 17          |
|    time_elapsed         | 47          |
|    total_timesteps      | 139264      |
| train/                  |             |
|    approx_kl            | 0.004230406 |
|    clip_fraction        | 0.0125      |
|    clip_range           | 0.2         |
|    entropy_loss         | -1.01       |
|    explained_variance   | 0.579       |
|    learning_rate        | 0.000299    |
|    loss                 | -0.018      |
|    n_updates            | 160         |
|    policy_gradient_loss | -0.00237    |
|    value_loss           | 3.62e-05    |
-----------------------------------------
-----------------------------------------
| time/                   |             |
|    fps                  | 2926        |
|    iterations           | 18          |
|    time_elapsed         | 50          |
|    total_timesteps      | 147456      |
| train/                  |             |
|    approx_kl            | 0.004225121 |
|    clip_fraction        | 0.00898     |
|    clip_range           | 0.2         |
|    entropy_loss         | -0.973      |
|    explained_variance   | 0.578       |
|    learning_rate        | 0.000299    |
|    loss                 | -0.0151     |
|    n_updates            | 170         |
|    policy_gradient_loss | -0.00249    |
|    value_loss           | 3.24e-05    |
-----------------------------------------
-----------------------------------------
| time/                   |             |
|    fps                  | 2904        |
|    iterations           | 19          |
|    time_elapsed         | 53          |
|    total_timesteps      | 155648      |
| train/                  |             |
|    approx_kl            | 0.008068442 |
|    clip_fraction        | 0.0292      |
|    clip_range           | 0.2         |
|    entropy_loss         | -0.937      |
|    explained_variance   | 0.32        |
|    learning_rate        | 0.000299    |
|    loss                 | -0.0125     |
|    n_updates            | 180         |
|    policy_gradient_loss | -0.00325    |
|    value_loss           | 4.04e-05    |
-----------------------------------------
-----------------------------------------
| time/                   |             |
|    fps                  | 2891        |
|    iterations           | 20          |
|    time_elapsed         | 56          |
|    total_timesteps      | 163840      |
| train/                  |             |
|    approx_kl            | 0.003989661 |
|    clip_fraction        | 0.0252      |
|    clip_range           | 0.2         |
|    entropy_loss         | -0.955      |
|    explained_variance   | 0.209       |
|    learning_rate        | 0.000299    |
|    loss                 | -0.0122     |
|    n_updates            | 190         |
|    policy_gradient_loss | -0.002      |
|    value_loss           | 5.59e-05    |
-----------------------------------------
------------------------------------------
| time/                   |              |
|    fps                  | 2884         |
|    iterations           | 21           |
|    time_elapsed         | 59           |
|    total_timesteps      | 172032       |
| train/                  |              |
|    approx_kl            | 0.0041694897 |
|    clip_fraction        | 0.00743      |
|    clip_range           | 0.2          |
|    entropy_loss         | -0.953       |
|    explained_variance   | 0.456        |
|    learning_rate        | 0.000299     |
|    loss                 | -0.0095      |
|    n_updates            | 200          |
|    policy_gradient_loss | -0.000986    |
|    value_loss           | 4.5e-05      |
------------------------------------------
-----------------------------------------
| rollout/                |             |
|    ep_len_mean          | 4.32e+04    |
|    ep_rew_mean          | -0.19       |
| time/                   |             |
|    fps                  | 2864        |
|    iterations           | 22          |
|    time_elapsed         | 62          |
|    total_timesteps      | 180224      |
| train/                  |             |
|    approx_kl            | 0.004307264 |
|    clip_fraction        | 0.0215      |
|    clip_range           | 0.2         |
|    entropy_loss         | -0.948      |
|    explained_variance   | 0.255       |
|    learning_rate        | 0.000299    |
|    loss                 | -0.0184     |
|    n_updates            | 210         |
|    policy_gradient_loss | -0.00275    |
|    value_loss           | 2.94e-05    |
-----------------------------------------
-----------------------------------------
| rollout/                |             |
|    ep_len_mean          | 4.32e+04    |
|    ep_rew_mean          | -0.19       |
| time/                   |             |
|    fps                  | 2859        |
|    iterations           | 23          |
|    time_elapsed         | 65          |
|    total_timesteps      | 188416      |
| train/                  |             |
|    approx_kl            | 0.003957142 |
|    clip_fraction        | 0.01        |
|    clip_range           | 0.2         |
|    entropy_loss         | -0.928      |
|    explained_variance   | 0.201       |
|    learning_rate        | 0.000299    |
|    loss                 | -0.0117     |
|    n_updates            | 220         |
|    policy_gradient_loss | -0.00195    |
|    value_loss           | 5.12e-05    |
-----------------------------------------
-----------------------------------------
| rollout/                |             |
|    ep_len_mean          | 4.32e+04    |
|    ep_rew_mean          | -0.19       |
| time/                   |             |
|    fps                  | 2861        |
|    iterations           | 24          |
|    time_elapsed         | 68          |
|    total_timesteps      | 196608      |
| train/                  |             |
|    approx_kl            | 0.005148943 |
|    clip_fraction        | 0.0189      |
|    clip_range           | 0.2         |
|    entropy_loss         | -0.931      |
|    explained_variance   | 0.424       |
|    learning_rate        | 0.000299    |
|    loss                 | -0.0157     |
|    n_updates            | 230         |
|    policy_gradient_loss | -0.00217    |
|    value_loss           | 5.74e-05    |
-----------------------------------------
-----------------------------------------
| rollout/                |             |
|    ep_len_mean          | 4.32e+04    |
|    ep_rew_mean          | -0.19       |
| time/                   |             |
|    fps                  | 2866        |
|    iterations           | 25          |
|    time_elapsed         | 71          |
|    total_timesteps      | 204800      |
| train/                  |             |
|    approx_kl            | 0.005135959 |
|    clip_fraction        | 0.0354      |
|    clip_range           | 0.2         |
|    entropy_loss         | -0.897      |
|    explained_variance   | 0.139       |
|    learning_rate        | 0.000299    |
|    loss                 | -0.0172     |
|    n_updates            | 240         |
|    policy_gradient_loss | -0.0033     |
|    value_loss           | 0.00012     |
-----------------------------------------
-----------------------------------------
| rollout/                |             |
|    ep_len_mean          | 4.32e+04    |
|    ep_rew_mean          | -0.19       |
| time/                   |             |
|    fps                  | 2867        |
|    iterations           | 26          |
|    time_elapsed         | 74          |
|    total_timesteps      | 212992      |
| train/                  |             |
|    approx_kl            | 0.003508647 |
|    clip_fraction        | 0.015       |
|    clip_range           | 0.2         |
|    entropy_loss         | -0.945      |
|    explained_variance   | 0.357       |
|    learning_rate        | 0.000299    |
|    loss                 | -0.0164     |
|    n_updates            | 250         |
|    policy_gradient_loss | -0.00204    |
|    value_loss           | 5.12e-05    |
-----------------------------------------
-----------------------------------------
| rollout/                |             |
|    ep_len_mean          | 4.32e+04    |
|    ep_rew_mean          | -0.19       |
| time/                   |             |
|    fps                  | 2874        |
|    iterations           | 27          |
|    time_elapsed         | 76          |
|    total_timesteps      | 221184      |
| train/                  |             |
|    approx_kl            | 0.006141646 |
|    clip_fraction        | 0.0224      |
|    clip_range           | 0.2         |
|    entropy_loss         | -0.926      |
|    explained_variance   | 0.316       |
|    learning_rate        | 0.000299    |
|    loss                 | -0.019      |
|    n_updates            | 260         |
|    policy_gradient_loss | -0.00332    |
|    value_loss           | 6.84e-05    |
-----------------------------------------
-----------------------------------------
| rollout/                |             |
|    ep_len_mean          | 4.32e+04    |
|    ep_rew_mean          | -0.19       |
| time/                   |             |
|    fps                  | 2883        |
|    iterations           | 28          |
|    time_elapsed         | 79          |
|    total_timesteps      | 229376      |
| train/                  |             |
|    approx_kl            | 0.005377776 |
|    clip_fraction        | 0.0274      |
|    clip_range           | 0.2         |
|    entropy_loss         | -0.94       |
|    explained_variance   | -0.0126     |
|    learning_rate        | 0.000299    |
|    loss                 | -0.00949    |
|    n_updates            | 270         |
|    policy_gradient_loss | -0.00302    |
|    value_loss           | 0.000111    |
-----------------------------------------
-----------------------------------------
| rollout/                |             |
|    ep_len_mean          | 4.32e+04    |
|    ep_rew_mean          | -0.19       |
| time/                   |             |
|    fps                  | 2892        |
|    iterations           | 29          |
|    time_elapsed         | 82          |
|    total_timesteps      | 237568      |
| train/                  |             |
|    approx_kl            | 0.003371599 |
|    clip_fraction        | 0.0185      |
|    clip_range           | 0.2         |
|    entropy_loss         | -0.929      |
|    explained_variance   | -0.0409     |
|    learning_rate        | 0.000299    |
|    loss                 | -0.0138     |
|    n_updates            | 280         |
|    policy_gradient_loss | -0.00251    |
|    value_loss           | 8.86e-05    |
-----------------------------------------
------------------------------------------
| rollout/                |              |
|    ep_len_mean          | 4.32e+04     |
|    ep_rew_mean          | -0.19        |
| time/                   |              |
|    fps                  | 2896         |
|    iterations           | 30           |
|    time_elapsed         | 84           |
|    total_timesteps      | 245760       |
| train/                  |              |
|    approx_kl            | 0.0034358483 |
|    clip_fraction        | 0.0135       |
|    clip_range           | 0.2          |
|    entropy_loss         | -0.929       |
|    explained_variance   | 0.141        |
|    learning_rate        | 0.000299     |
|    loss                 | -0.00784     |
|    n_updates            | 290          |
|    policy_gradient_loss | -0.00267     |
|    value_loss           | 5e-05        |
------------------------------------------
------------------------------------------
| rollout/                |              |
|    ep_len_mean          | 4.32e+04     |
|    ep_rew_mean          | -0.19        |
| time/                   |              |
|    fps                  | 2898         |
|    iterations           | 31           |
|    time_elapsed         | 87           |
|    total_timesteps      | 253952       |
| train/                  |              |
|    approx_kl            | 0.0066258335 |
|    clip_fraction        | 0.0232       |
|    clip_range           | 0.2          |
|    entropy_loss         | -0.931       |
|    explained_variance   | 0.244        |
|    learning_rate        | 0.000299     |
|    loss                 | -0.0102      |
|    n_updates            | 300          |
|    policy_gradient_loss | -0.00269     |
|    value_loss           | 4.79e-05     |
------------------------------------------
------------------------------------------
| rollout/                |              |
|    ep_len_mean          | 4.32e+04     |
|    ep_rew_mean          | -0.19        |
| time/                   |              |
|    fps                  | 2899         |
|    iterations           | 32           |
|    time_elapsed         | 90           |
|    total_timesteps      | 262144       |
| train/                  |              |
|    approx_kl            | 0.0050158747 |
|    clip_fraction        | 0.0315       |
|    clip_range           | 0.2          |
|    entropy_loss         | -0.894       |
|    explained_variance   | 0.0527       |
|    learning_rate        | 0.000298     |
|    loss                 | -0.0144      |
|    n_updates            | 310          |
|    policy_gradient_loss | -0.00312     |
|    value_loss           | 5.12e-05     |
------------------------------------------
-----------------------------------------
| rollout/                |             |
|    ep_len_mean          | 4.32e+04    |
|    ep_rew_mean          | -0.19       |
| time/                   |             |
|    fps                  | 2900        |
|    iterations           | 33          |
|    time_elapsed         | 93          |
|    total_timesteps      | 270336      |
| train/                  |             |
|    approx_kl            | 0.004593466 |
|    clip_fraction        | 0.016       |
|    clip_range           | 0.2         |
|    entropy_loss         | -0.92       |
|    explained_variance   | -0.0656     |
|    learning_rate        | 0.000298    |
|    loss                 | -0.0121     |
|    n_updates            | 320         |
|    policy_gradient_loss | -0.00238    |
|    value_loss           | 3.87e-05    |
-----------------------------------------
------------------------------------------
| rollout/                |              |
|    ep_len_mean          | 4.32e+04     |
|    ep_rew_mean          | -0.19        |
| time/                   |              |
|    fps                  | 2903         |
|    iterations           | 34           |
|    time_elapsed         | 95           |
|    total_timesteps      | 278528       |
| train/                  |              |
|    approx_kl            | 0.0041719573 |
|    clip_fraction        | 0.0186       |
|    clip_range           | 0.2          |
|    entropy_loss         | -0.924       |
|    explained_variance   | 0.358        |
|    learning_rate        | 0.000298     |
|    loss                 | -0.0161      |
|    n_updates            | 330          |
|    policy_gradient_loss | -0.00281     |
|    value_loss           | 3.34e-05     |
------------------------------------------
------------------------------------------
| rollout/                |              |
|    ep_len_mean          | 4.32e+04     |
|    ep_rew_mean          | -0.19        |
| time/                   |              |
|    fps                  | 2904         |
|    iterations           | 35           |
|    time_elapsed         | 98           |
|    total_timesteps      | 286720       |
| train/                  |              |
|    approx_kl            | 0.0065732654 |
|    clip_fraction        | 0.0275       |
|    clip_range           | 0.2          |
|    entropy_loss         | -0.923       |
|    explained_variance   | 0.154        |
|    learning_rate        | 0.000298     |
|    loss                 | -0.00943     |
|    n_updates            | 340          |
|    policy_gradient_loss | -0.00318     |
|    value_loss           | 3.16e-05     |
------------------------------------------
-----------------------------------------
| rollout/                |             |
|    ep_len_mean          | 4.32e+04    |
|    ep_rew_mean          | -0.19       |
| time/                   |             |
|    fps                  | 2905        |
|    iterations           | 36          |
|    time_elapsed         | 101         |
|    total_timesteps      | 294912      |
| train/                  |             |
|    approx_kl            | 0.006140884 |
|    clip_fraction        | 0.0344      |
|    clip_range           | 0.2         |
|    entropy_loss         | -0.878      |
|    explained_variance   | 0.139       |
|    learning_rate        | 0.000298    |
|    loss                 | -0.0183     |
|    n_updates            | 350         |
|    policy_gradient_loss | -0.00398    |
|    value_loss           | 4.19e-05    |
-----------------------------------------
------------------------------------------
| rollout/                |              |
|    ep_len_mean          | 4.32e+04     |
|    ep_rew_mean          | -0.19        |
| time/                   |              |
|    fps                  | 2907         |
|    iterations           | 37           |
|    time_elapsed         | 104          |
|    total_timesteps      | 303104       |
| train/                  |              |
|    approx_kl            | 0.0043882495 |
|    clip_fraction        | 0.0105       |
|    clip_range           | 0.2          |
|    entropy_loss         | -0.875       |
|    explained_variance   | 0.38         |
|    learning_rate        | 0.000298     |
|    loss                 | -0.00788     |
|    n_updates            | 360          |
|    policy_gradient_loss | -0.00212     |
|    value_loss           | 3.91e-05     |
------------------------------------------
------------------------------------------
| rollout/                |              |
|    ep_len_mean          | 4.32e+04     |
|    ep_rew_mean          | -0.19        |
| time/                   |              |
|    fps                  | 2900         |
|    iterations           | 38           |
|    time_elapsed         | 107          |
|    total_timesteps      | 311296       |
| train/                  |              |
|    approx_kl            | 0.0049984725 |
|    clip_fraction        | 0.0309       |
|    clip_range           | 0.2          |
|    entropy_loss         | -0.931       |
|    explained_variance   | 0.285        |
|    learning_rate        | 0.000298     |
|    loss                 | -0.0175      |
|    n_updates            | 370          |
|    policy_gradient_loss | -0.00374     |
|    value_loss           | 3.8e-05      |
------------------------------------------
-----------------------------------------
| rollout/                |             |
|    ep_len_mean          | 4.32e+04    |
|    ep_rew_mean          | -0.19       |
| time/                   |             |
|    fps                  | 2892        |
|    iterations           | 39          |
|    time_elapsed         | 110         |
|    total_timesteps      | 319488      |
| train/                  |             |
|    approx_kl            | 0.003971268 |
|    clip_fraction        | 0.0297      |
|    clip_range           | 0.2         |
|    entropy_loss         | -0.935      |
|    explained_variance   | 0.391       |
|    learning_rate        | 0.000298    |
|    loss                 | -0.0217     |
|    n_updates            | 380         |
|    policy_gradient_loss | -0.00248    |
|    value_loss           | 5.91e-05    |
-----------------------------------------
------------------------------------------
| rollout/                |              |
|    ep_len_mean          | 4.32e+04     |
|    ep_rew_mean          | -0.19        |
| time/                   |              |
|    fps                  | 2880         |
|    iterations           | 40           |
|    time_elapsed         | 113          |
|    total_timesteps      | 327680       |
| train/                  |              |
|    approx_kl            | 0.0064491522 |
|    clip_fraction        | 0.0234       |
|    clip_range           | 0.2          |
|    entropy_loss         | -0.942       |
|    explained_variance   | 0.116        |
|    learning_rate        | 0.000298     |
|    loss                 | -0.0142      |
|    n_updates            | 390          |
|    policy_gradient_loss | -0.00245     |
|    value_loss           | 3.54e-05     |
------------------------------------------
-----------------------------------------
| rollout/                |             |
|    ep_len_mean          | 4.32e+04    |
|    ep_rew_mean          | -0.19       |
| time/                   |             |
|    fps                  | 2870        |
|    iterations           | 41          |
|    time_elapsed         | 116         |
|    total_timesteps      | 335872      |
| train/                  |             |
|    approx_kl            | 0.008194536 |
|    clip_fraction        | 0.0283      |
|    clip_range           | 0.2         |
|    entropy_loss         | -0.932      |
|    explained_variance   | 0.0967      |
|    learning_rate        | 0.000298    |
|    loss                 | -0.00615    |
|    n_updates            | 400         |
|    policy_gradient_loss | -0.00368    |
|    value_loss           | 5.82e-05    |
-----------------------------------------
-----------------------------------------
| rollout/                |             |
|    ep_len_mean          | 4.32e+04    |
|    ep_rew_mean          | -0.19       |
| time/                   |             |
|    fps                  | 2864        |
|    iterations           | 42          |
|    time_elapsed         | 120         |
|    total_timesteps      | 344064      |
| train/                  |             |
|    approx_kl            | 0.006096204 |
|    clip_fraction        | 0.0161      |
|    clip_range           | 0.2         |
|    entropy_loss         | -0.908      |
|    explained_variance   | -0.0343     |
|    learning_rate        | 0.000298    |
|    loss                 | -0.00913    |
|    n_updates            | 410         |
|    policy_gradient_loss | -0.00272    |
|    value_loss           | 0.000172    |
-----------------------------------------
------------------------------------------
| rollout/                |              |
|    ep_len_mean          | 4.32e+04     |
|    ep_rew_mean          | -0.491       |
| time/                   |              |
|    fps                  | 2858         |
|    iterations           | 43           |
|    time_elapsed         | 123          |
|    total_timesteps      | 352256       |
| train/                  |              |
|    approx_kl            | 0.0029346514 |
|    clip_fraction        | 0.00696      |
|    clip_range           | 0.2          |
|    entropy_loss         | -0.925       |
|    explained_variance   | 0.127        |
|    learning_rate        | 0.000298     |
|    loss                 | -0.0157      |
|    n_updates            | 420          |
|    policy_gradient_loss | -0.00159     |
|    value_loss           | 0.000148     |
------------------------------------------
-----------------------------------------
| rollout/                |             |
|    ep_len_mean          | 4.32e+04    |
|    ep_rew_mean          | -0.491      |
| time/                   |             |
|    fps                  | 2859        |
|    iterations           | 44          |
|    time_elapsed         | 126         |
|    total_timesteps      | 360448      |
| train/                  |             |
|    approx_kl            | 0.005852174 |
|    clip_fraction        | 0.0306      |
|    clip_range           | 0.2         |
|    entropy_loss         | -0.921      |
|    explained_variance   | 0.443       |
|    learning_rate        | 0.000298    |
|    loss                 | -0.0198     |
|    n_updates            | 430         |
|    policy_gradient_loss | -0.00271    |
|    value_loss           | 3.41e-05    |
-----------------------------------------
-----------------------------------------
| rollout/                |             |
|    ep_len_mean          | 4.32e+04    |
|    ep_rew_mean          | -0.491      |
| time/                   |             |
|    fps                  | 2863        |
|    iterations           | 45          |
|    time_elapsed         | 128         |
|    total_timesteps      | 368640      |
| train/                  |             |
|    approx_kl            | 0.004458531 |
|    clip_fraction        | 0.00945     |
|    clip_range           | 0.2         |
|    entropy_loss         | -0.895      |
|    explained_variance   | 0.614       |
|    learning_rate        | 0.000298    |
|    loss                 | -0.00792    |
|    n_updates            | 440         |
|    policy_gradient_loss | -0.00143    |
|    value_loss           | 1.69e-05    |
-----------------------------------------
------------------------------------------
| rollout/                |              |
|    ep_len_mean          | 4.32e+04     |
|    ep_rew_mean          | -0.491       |
| time/                   |              |
|    fps                  | 2865         |
|    iterations           | 46           |
|    time_elapsed         | 131          |
|    total_timesteps      | 376832       |
| train/                  |              |
|    approx_kl            | 0.0055276314 |
|    clip_fraction        | 0.0301       |
|    clip_range           | 0.2          |
|    entropy_loss         | -0.863       |
|    explained_variance   | 0.783        |
|    learning_rate        | 0.000298     |
|    loss                 | -0.0143      |
|    n_updates            | 450          |
|    policy_gradient_loss | -0.00328     |
|    value_loss           | 1.55e-05     |
------------------------------------------
-----------------------------------------
| rollout/                |             |
|    ep_len_mean          | 4.32e+04    |
|    ep_rew_mean          | -0.491      |
| time/                   |             |
|    fps                  | 2869        |
|    iterations           | 47          |
|    time_elapsed         | 134         |
|    total_timesteps      | 385024      |
| train/                  |             |
|    approx_kl            | 0.005038458 |
|    clip_fraction        | 0.0137      |
|    clip_range           | 0.2         |
|    entropy_loss         | -0.89       |
|    explained_variance   | 0.67        |
|    learning_rate        | 0.000298    |
|    loss                 | -0.0139     |
|    n_updates            | 460         |
|    policy_gradient_loss | -0.00188    |
|    value_loss           | 1.63e-05    |
-----------------------------------------
------------------------------------------
| rollout/                |              |
|    ep_len_mean          | 4.32e+04     |
|    ep_rew_mean          | -0.491       |
| time/                   |              |
|    fps                  | 2872         |
|    iterations           | 48           |
|    time_elapsed         | 136          |
|    total_timesteps      | 393216       |
| train/                  |              |
|    approx_kl            | 0.0069703674 |
|    clip_fraction        | 0.0227       |
|    clip_range           | 0.2          |
|    entropy_loss         | -0.861       |
|    explained_variance   | 0.64         |
|    learning_rate        | 0.000298     |
|    loss                 | -0.0109      |
|    n_updates            | 470          |
|    policy_gradient_loss | -0.00362     |
|    value_loss           | 1.77e-05     |
------------------------------------------
-----------------------------------------
| rollout/                |             |
|    ep_len_mean          | 4.32e+04    |
|    ep_rew_mean          | -0.491      |
| time/                   |             |
|    fps                  | 2873        |
|    iterations           | 49          |
|    time_elapsed         | 139         |
|    total_timesteps      | 401408      |
| train/                  |             |
|    approx_kl            | 0.003828199 |
|    clip_fraction        | 0.0304      |
|    clip_range           | 0.2         |
|    entropy_loss         | -0.85       |
|    explained_variance   | 0.625       |
|    learning_rate        | 0.000298    |
|    loss                 | -0.00821    |
|    n_updates            | 480         |
|    policy_gradient_loss | -0.00233    |
|    value_loss           | 1.49e-05    |
-----------------------------------------
------------------------------------------
| rollout/                |              |
|    ep_len_mean          | 4.32e+04     |
|    ep_rew_mean          | -0.491       |
| time/                   |              |
|    fps                  | 2877         |
|    iterations           | 50           |
|    time_elapsed         | 142          |
|    total_timesteps      | 409600       |
| train/                  |              |
|    approx_kl            | 0.0035742247 |
|    clip_fraction        | 0.0149       |
|    clip_range           | 0.2          |
|    entropy_loss         | -0.844       |
|    explained_variance   | 0.375        |
|    learning_rate        | 0.000298     |
|    loss                 | -0.0181      |
|    n_updates            | 490          |
|    policy_gradient_loss | -0.00175     |
|    value_loss           | 1.38e-05     |
------------------------------------------
-----------------------------------------
| rollout/                |             |
|    ep_len_mean          | 4.32e+04    |
|    ep_rew_mean          | -0.491      |
| time/                   |             |
|    fps                  | 2879        |
|    iterations           | 51          |
|    time_elapsed         | 145         |
|    total_timesteps      | 417792      |
| train/                  |             |
|    approx_kl            | 0.003194312 |
|    clip_fraction        | 0.00913     |
|    clip_range           | 0.2         |
|    entropy_loss         | -0.846      |
|    explained_variance   | 0.21        |
|    learning_rate        | 0.000298    |
|    loss                 | -0.0182     |
|    n_updates            | 500         |
|    policy_gradient_loss | -0.00171    |
|    value_loss           | 1.69e-05    |
-----------------------------------------
------------------------------------------
| rollout/                |              |
|    ep_len_mean          | 4.32e+04     |
|    ep_rew_mean          | -0.491       |
| time/                   |              |
|    fps                  | 2881         |
|    iterations           | 52           |
|    time_elapsed         | 147          |
|    total_timesteps      | 425984       |
| train/                  |              |
|    approx_kl            | 0.0060087186 |
|    clip_fraction        | 0.0197       |
|    clip_range           | 0.2          |
|    entropy_loss         | -0.828       |
|    explained_variance   | 0.302        |
|    learning_rate        | 0.000297     |
|    loss                 | -0.0107      |
|    n_updates            | 510          |
|    policy_gradient_loss | -0.00332     |
|    value_loss           | 1.79e-05     |
------------------------------------------
------------------------------------------
| rollout/                |              |
|    ep_len_mean          | 4.32e+04     |
|    ep_rew_mean          | -0.491       |
| time/                   |              |
|    fps                  | 2883         |
|    iterations           | 53           |
|    time_elapsed         | 150          |
|    total_timesteps      | 434176       |
| train/                  |              |
|    approx_kl            | 0.0033643383 |
|    clip_fraction        | 0.0293       |
|    clip_range           | 0.2          |
|    entropy_loss         | -0.882       |
|    explained_variance   | 0.324        |
|    learning_rate        | 0.000297     |
|    loss                 | -0.0154      |
|    n_updates            | 520          |
|    policy_gradient_loss | -0.00245     |
|    value_loss           | 2.03e-05     |
------------------------------------------
-----------------------------------------
| rollout/                |             |
|    ep_len_mean          | 4.32e+04    |
|    ep_rew_mean          | -0.491      |
| time/                   |             |
|    fps                  | 2884        |
|    iterations           | 54          |
|    time_elapsed         | 153         |
|    total_timesteps      | 442368      |
| train/                  |             |
|    approx_kl            | 0.003553199 |
|    clip_fraction        | 0.00973     |
|    clip_range           | 0.2         |
|    entropy_loss         | -0.851      |
|    explained_variance   | 0.382       |
|    learning_rate        | 0.000297    |
|    loss                 | -0.0035     |
|    n_updates            | 530         |
|    policy_gradient_loss | -0.00111    |
|    value_loss           | 2.34e-05    |
-----------------------------------------
------------------------------------------
| rollout/                |              |
|    ep_len_mean          | 4.32e+04     |
|    ep_rew_mean          | -0.491       |
| time/                   |              |
|    fps                  | 2885         |
|    iterations           | 55           |
|    time_elapsed         | 156          |
|    total_timesteps      | 450560       |
| train/                  |              |
|    approx_kl            | 0.0049000774 |
|    clip_fraction        | 0.0265       |
|    clip_range           | 0.2          |
|    entropy_loss         | -0.808       |
|    explained_variance   | 0.582        |
|    learning_rate        | 0.000297     |
|    loss                 | -0.0133      |
|    n_updates            | 540          |
|    policy_gradient_loss | -0.00314     |
|    value_loss           | 1.47e-05     |
------------------------------------------
------------------------------------------
| rollout/                |              |
|    ep_len_mean          | 4.32e+04     |
|    ep_rew_mean          | -0.491       |
| time/                   |              |
|    fps                  | 2887         |
|    iterations           | 56           |
|    time_elapsed         | 158          |
|    total_timesteps      | 458752       |
| train/                  |              |
|    approx_kl            | 0.0041374844 |
|    clip_fraction        | 0.0198       |
|    clip_range           | 0.2          |
|    entropy_loss         | -0.832       |
|    explained_variance   | 0.595        |
|    learning_rate        | 0.000297     |
|    loss                 | -0.00749     |
|    n_updates            | 550          |
|    policy_gradient_loss | -0.00256     |
|    value_loss           | 1.83e-05     |
------------------------------------------
-----------------------------------------
| rollout/                |             |
|    ep_len_mean          | 4.32e+04    |
|    ep_rew_mean          | -0.491      |
| time/                   |             |
|    fps                  | 2890        |
|    iterations           | 57          |
|    time_elapsed         | 161         |
|    total_timesteps      | 466944      |
| train/                  |             |
|    approx_kl            | 0.005934368 |
|    clip_fraction        | 0.0231      |
|    clip_range           | 0.2         |
|    entropy_loss         | -0.847      |
|    explained_variance   | 0.335       |
|    learning_rate        | 0.000297    |
|    loss                 | -0.0156     |
|    n_updates            | 560         |
|    policy_gradient_loss | -0.003      |
|    value_loss           | 2.64e-05    |
-----------------------------------------
------------------------------------------
| rollout/                |              |
|    ep_len_mean          | 4.32e+04     |
|    ep_rew_mean          | -0.491       |
| time/                   |              |
|    fps                  | 2892         |
|    iterations           | 58           |
|    time_elapsed         | 164          |
|    total_timesteps      | 475136       |
| train/                  |              |
|    approx_kl            | 0.0047866874 |
|    clip_fraction        | 0.0316       |
|    clip_range           | 0.2          |
|    entropy_loss         | -0.838       |
|    explained_variance   | 0.27         |
|    learning_rate        | 0.000297     |
|    loss                 | -0.0146      |
|    n_updates            | 570          |
|    policy_gradient_loss | -0.00308     |
|    value_loss           | 1.79e-05     |
------------------------------------------
------------------------------------------
| rollout/                |              |
|    ep_len_mean          | 4.32e+04     |
|    ep_rew_mean          | -0.491       |
| time/                   |              |
|    fps                  | 2889         |
|    iterations           | 59           |
|    time_elapsed         | 167          |
|    total_timesteps      | 483328       |
| train/                  |              |
|    approx_kl            | 0.0041466877 |
|    clip_fraction        | 0.0318       |
|    clip_range           | 0.2          |
|    entropy_loss         | -0.814       |
|    explained_variance   | 0.477        |
|    learning_rate        | 0.000297     |
|    loss                 | -0.011       |
|    n_updates            | 580          |
|    policy_gradient_loss | -0.00293     |
|    value_loss           | 2.42e-05     |
------------------------------------------
------------------------------------------
| rollout/                |              |
|    ep_len_mean          | 4.32e+04     |
|    ep_rew_mean          | -0.491       |
| time/                   |              |
|    fps                  | 2883         |
|    iterations           | 60           |
|    time_elapsed         | 170          |
|    total_timesteps      | 491520       |
| train/                  |              |
|    approx_kl            | 0.0036734496 |
|    clip_fraction        | 0.0289       |
|    clip_range           | 0.2          |
|    entropy_loss         | -0.821       |
|    explained_variance   | 0.429        |
|    learning_rate        | 0.000297     |
|    loss                 | -0.0119      |
|    n_updates            | 590          |
|    policy_gradient_loss | -0.00189     |
|    value_loss           | 3.66e-05     |
------------------------------------------
------------------------------------------
| rollout/                |              |
|    ep_len_mean          | 4.32e+04     |
|    ep_rew_mean          | -0.491       |
| time/                   |              |
|    fps                  | 2874         |
|    iterations           | 61           |
|    time_elapsed         | 173          |
|    total_timesteps      | 499712       |
| train/                  |              |
|    approx_kl            | 0.0041862214 |
|    clip_fraction        | 0.0198       |
|    clip_range           | 0.2          |
|    entropy_loss         | -0.818       |
|    explained_variance   | 0.347        |
|    learning_rate        | 0.000297     |
|    loss                 | -0.0166      |
|    n_updates            | 600          |
|    policy_gradient_loss | -0.00218     |
|    value_loss           | 2.03e-05     |
------------------------------------------
