Traceback (most recent call last):
  File "/home/henjigcp/git/quant_real_RL/src/train.py", line 468, in <module>
    main()
  File "/home/henjigcp/git/quant_real_RL/src/train.py", line 414, in main
    vec_env = DummyVecEnv(env_fns) if args.dummy_vec else SubprocVecEnv(env_fns, start_method="spawn")
                                                          ^^^^^^^^^^^^^^^^^^^^^^^^^^^^^^^^^^^^^^^^^^^^
  File "/home/henjigcp/git/quant_real_RL/venv/lib/python3.12/site-packages/stable_baselines3/common/vec_env/subproc_vec_env.py", line 129, in __init__
    super().__init__(len(env_fns), observation_space, action_space)
  File "/home/henjigcp/git/quant_real_RL/venv/lib/python3.12/site-packages/stable_baselines3/common/vec_env/base_vec_env.py", line 76, in __init__
    render_modes = self.get_attr("render_mode")
                   ^^^^^^^^^^^^^^^^^^^^^^^^^^^^
  File "/home/henjigcp/git/quant_real_RL/venv/lib/python3.12/site-packages/stable_baselines3/common/vec_env/subproc_vec_env.py", line 187, in get_attr
    remote.send(("get_attr", attr_name))
  File "/usr/lib/python3.12/multiprocessing/connection.py", line 206, in send
    self._send_bytes(_ForkingPickler.dumps(obj))
  File "/usr/lib/python3.12/multiprocessing/connection.py", line 427, in _send_bytes
    self._send(header + buf)
  File "/usr/lib/python3.12/multiprocessing/connection.py", line 384, in _send
    n = write(self._handle, buf)
        ^^^^^^^^^^^^^^^^^^^^^^^^
BrokenPipeError: [Errno 32] Broken pipe
