[CPU Affinity] Main process -> Core 0 | 6 workers -> Cores 1~6
run_name: v9_fullctrl_seed0_0725-2135
Using cpu device
Logging to /home/henjigcp/git/quant_real_RL/logs/v9_fullctrl/v9_fullctrl_seed0_0725-2135
------------------------------
| time/              |       |
|    fps             | 4671  |
|    iterations      | 1     |
|    time_elapsed    | 2     |
|    total_timesteps | 12288 |
------------------------------
-----------------------------------------
| time/                   |             |
|    fps                  | 4091        |
|    iterations           | 2           |
|    time_elapsed         | 6           |
|    total_timesteps      | 24576       |
| train/                  |             |
|    approx_kl            | 0.010384222 |
|    clip_fraction        | 0.0551      |
|    clip_range           | 0.2         |
|    entropy_loss         | -1.09       |
|    explained_variance   | -1.11       |
|    learning_rate        | 0.0003      |
|    loss                 | -0.0151     |
|    n_updates            | 10          |
|    policy_gradient_loss | -0.00612    |
|    value_loss           | 0.00497     |
-----------------------------------------
-----------------------------------------
| time/                   |             |
|    fps                  | 4049        |
|    iterations           | 3           |
|    time_elapsed         | 9           |
|    total_timesteps      | 36864       |
| train/                  |             |
|    approx_kl            | 0.010283147 |
|    clip_fraction        | 0.0626      |
|    clip_range           | 0.2         |
|    entropy_loss         | -1.08       |
|    explained_variance   | 0.694       |
|    learning_rate        | 0.0003      |
|    loss                 | -0.0205     |
|    n_updates            | 20          |
|    policy_gradient_loss | -0.00336    |
|    value_loss           | 0.000924    |
-----------------------------------------
------------------------------------------
| time/                   |              |
|    fps                  | 4018         |
|    iterations           | 4            |
|    time_elapsed         | 12           |
|    total_timesteps      | 49152        |
| train/                  |              |
|    approx_kl            | 0.0075478093 |
|    clip_fraction        | 0.0395       |
|    clip_range           | 0.2          |
|    entropy_loss         | -1.06        |
|    explained_variance   | 0.656        |
|    learning_rate        | 0.0003       |
|    loss                 | -0.0155      |
|    n_updates            | 30           |
|    policy_gradient_loss | -0.00231     |
|    value_loss           | 0.000696     |
------------------------------------------
-----------------------------------------
| time/                   |             |
|    fps                  | 4030        |
|    iterations           | 5           |
|    time_elapsed         | 15          |
|    total_timesteps      | 61440       |
| train/                  |             |
|    approx_kl            | 0.008562558 |
|    clip_fraction        | 0.0218      |
|    clip_range           | 0.2         |
|    entropy_loss         | -1.06       |
|    explained_variance   | 0.463       |
|    learning_rate        | 0.0003      |
|    loss                 | -0.0283     |
|    n_updates            | 40          |
|    policy_gradient_loss | -0.00276    |
|    value_loss           | 0.000479    |
-----------------------------------------
------------------------------------------
| time/                   |              |
|    fps                  | 4020         |
|    iterations           | 6            |
|    time_elapsed         | 18           |
|    total_timesteps      | 73728        |
| train/                  |              |
|    approx_kl            | 0.0055734986 |
|    clip_fraction        | 0.0194       |
|    clip_range           | 0.2          |
|    entropy_loss         | -1.06        |
|    explained_variance   | 0.464        |
|    learning_rate        | 0.0003       |
|    loss                 | -0.0115      |
|    n_updates            | 50           |
|    policy_gradient_loss | -0.00171     |
|    value_loss           | 0.000189     |
------------------------------------------
------------------------------------------
| time/                   |              |
|    fps                  | 4015         |
|    iterations           | 7            |
|    time_elapsed         | 21           |
|    total_timesteps      | 86016        |
| train/                  |              |
|    approx_kl            | 0.0077864695 |
|    clip_fraction        | 0.0546       |
|    clip_range           | 0.2          |
|    entropy_loss         | -1.07        |
|    explained_variance   | 0.472        |
|    learning_rate        | 0.0003       |
|    loss                 | -0.00902     |
|    n_updates            | 60           |
|    policy_gradient_loss | -0.00363     |
|    value_loss           | 0.000107     |
------------------------------------------
------------------------------------------
| time/                   |              |
|    fps                  | 4026         |
|    iterations           | 8            |
|    time_elapsed         | 24           |
|    total_timesteps      | 98304        |
| train/                  |              |
|    approx_kl            | 0.0060312487 |
|    clip_fraction        | 0.0146       |
|    clip_range           | 0.2          |
|    entropy_loss         | -1.04        |
|    explained_variance   | 0.677        |
|    learning_rate        | 0.000299     |
|    loss                 | -0.0134      |
|    n_updates            | 70           |
|    policy_gradient_loss | -0.00223     |
|    value_loss           | 7.16e-05     |
------------------------------------------
------------------------------------------
| time/                   |              |
|    fps                  | 4019         |
|    iterations           | 9            |
|    time_elapsed         | 27           |
|    total_timesteps      | 110592       |
| train/                  |              |
|    approx_kl            | 0.0045290333 |
|    clip_fraction        | 0.0135       |
|    clip_range           | 0.2          |
|    entropy_loss         | -1.03        |
|    explained_variance   | 0.639        |
|    learning_rate        | 0.000299     |
|    loss                 | -0.0117      |
|    n_updates            | 80           |
|    policy_gradient_loss | -0.0022      |
|    value_loss           | 6.3e-05      |
------------------------------------------
-----------------------------------------
| time/                   |             |
|    fps                  | 4027        |
|    iterations           | 10          |
|    time_elapsed         | 30          |
|    total_timesteps      | 122880      |
| train/                  |             |
|    approx_kl            | 0.005996836 |
|    clip_fraction        | 0.0174      |
|    clip_range           | 0.2         |
|    entropy_loss         | -1.01       |
|    explained_variance   | 0.528       |
|    learning_rate        | 0.000299    |
|    loss                 | -0.0134     |
|    n_updates            | 90          |
|    policy_gradient_loss | -0.00229    |
|    value_loss           | 8.43e-05    |
-----------------------------------------
------------------------------------------
| time/                   |              |
|    fps                  | 4009         |
|    iterations           | 11           |
|    time_elapsed         | 33           |
|    total_timesteps      | 135168       |
| train/                  |              |
|    approx_kl            | 0.0026907458 |
|    clip_fraction        | 0.00988      |
|    clip_range           | 0.2          |
|    entropy_loss         | -0.999       |
|    explained_variance   | 0.625        |
|    learning_rate        | 0.000299     |
|    loss                 | -0.0154      |
|    n_updates            | 100          |
|    policy_gradient_loss | -0.00129     |
|    value_loss           | 7.08e-05     |
------------------------------------------
-----------------------------------------
| time/                   |             |
|    fps                  | 4018        |
|    iterations           | 12          |
|    time_elapsed         | 36          |
|    total_timesteps      | 147456      |
| train/                  |             |
|    approx_kl            | 0.008075916 |
|    clip_fraction        | 0.0492      |
|    clip_range           | 0.2         |
|    entropy_loss         | -1.01       |
|    explained_variance   | 0.287       |
|    learning_rate        | 0.000299    |
|    loss                 | -0.00796    |
|    n_updates            | 110         |
|    policy_gradient_loss | -0.0032     |
|    value_loss           | 0.000103    |
-----------------------------------------
------------------------------------------
| time/                   |              |
|    fps                  | 4024         |
|    iterations           | 13           |
|    time_elapsed         | 39           |
|    total_timesteps      | 159744       |
| train/                  |              |
|    approx_kl            | 0.0075300406 |
|    clip_fraction        | 0.0275       |
|    clip_range           | 0.2          |
|    entropy_loss         | -1           |
|    explained_variance   | 0.284        |
|    learning_rate        | 0.000299     |
|    loss                 | -0.0109      |
|    n_updates            | 120          |
|    policy_gradient_loss | -0.00215     |
|    value_loss           | 7.17e-05     |
------------------------------------------
-----------------------------------------
| time/                   |             |
|    fps                  | 4031        |
|    iterations           | 14          |
|    time_elapsed         | 42          |
|    total_timesteps      | 172032      |
| train/                  |             |
|    approx_kl            | 0.006176811 |
|    clip_fraction        | 0.0325      |
|    clip_range           | 0.2         |
|    entropy_loss         | -0.968      |
|    explained_variance   | 0.271       |
|    learning_rate        | 0.000299    |
|    loss                 | -0.0105     |
|    n_updates            | 130         |
|    policy_gradient_loss | -0.00324    |
|    value_loss           | 5.93e-05    |
-----------------------------------------
-----------------------------------------
| time/                   |             |
|    fps                  | 4038        |
|    iterations           | 15          |
|    time_elapsed         | 45          |
|    total_timesteps      | 184320      |
| train/                  |             |
|    approx_kl            | 0.004768626 |
|    clip_fraction        | 0.00947     |
|    clip_range           | 0.2         |
|    entropy_loss         | -0.981      |
|    explained_variance   | 0.158       |
|    learning_rate        | 0.000299    |
|    loss                 | -0.00918    |
|    n_updates            | 140         |
|    policy_gradient_loss | -0.00131    |
|    value_loss           | 6.97e-05    |
-----------------------------------------
-----------------------------------------
| time/                   |             |
|    fps                  | 4039        |
|    iterations           | 16          |
|    time_elapsed         | 48          |
|    total_timesteps      | 196608      |
| train/                  |             |
|    approx_kl            | 0.007629108 |
|    clip_fraction        | 0.0255      |
|    clip_range           | 0.2         |
|    entropy_loss         | -0.981      |
|    explained_variance   | 0.169       |
|    learning_rate        | 0.000299    |
|    loss                 | -0.0189     |
|    n_updates            | 150         |
|    policy_gradient_loss | -0.00252    |
|    value_loss           | 5.89e-05    |
-----------------------------------------
------------------------------------------
| time/                   |              |
|    fps                  | 4027         |
|    iterations           | 17           |
|    time_elapsed         | 51           |
|    total_timesteps      | 208896       |
| train/                  |              |
|    approx_kl            | 0.0044544083 |
|    clip_fraction        | 0.00544      |
|    clip_range           | 0.2          |
|    entropy_loss         | -0.948       |
|    explained_variance   | 0.389        |
|    learning_rate        | 0.000299     |
|    loss                 | -0.00996     |
|    n_updates            | 160          |
|    policy_gradient_loss | -0.00154     |
|    value_loss           | 4.59e-05     |
------------------------------------------
-----------------------------------------
| time/                   |             |
|    fps                  | 4023        |
|    iterations           | 18          |
|    time_elapsed         | 54          |
|    total_timesteps      | 221184      |
| train/                  |             |
|    approx_kl            | 0.008680143 |
|    clip_fraction        | 0.0586      |
|    clip_range           | 0.2         |
|    entropy_loss         | -0.96       |
|    explained_variance   | 0.51        |
|    learning_rate        | 0.000299    |
|    loss                 | -0.00739    |
|    n_updates            | 170         |
|    policy_gradient_loss | -0.00424    |
|    value_loss           | 3.71e-05    |
-----------------------------------------
-----------------------------------------
| time/                   |             |
|    fps                  | 4007        |
|    iterations           | 19          |
|    time_elapsed         | 58          |
|    total_timesteps      | 233472      |
| train/                  |             |
|    approx_kl            | 0.008076683 |
|    clip_fraction        | 0.028       |
|    clip_range           | 0.2         |
|    entropy_loss         | -0.992      |
|    explained_variance   | 0.156       |
|    learning_rate        | 0.000299    |
|    loss                 | -0.0134     |
|    n_updates            | 180         |
|    policy_gradient_loss | -0.00205    |
|    value_loss           | 5.06e-05    |
-----------------------------------------
------------------------------------------
| time/                   |              |
|    fps                  | 4001         |
|    iterations           | 20           |
|    time_elapsed         | 61           |
|    total_timesteps      | 245760       |
| train/                  |              |
|    approx_kl            | 0.0075655966 |
|    clip_fraction        | 0.0233       |
|    clip_range           | 0.2          |
|    entropy_loss         | -0.988       |
|    explained_variance   | 0.0594       |
|    learning_rate        | 0.000299     |
|    loss                 | -0.00483     |
|    n_updates            | 190          |
|    policy_gradient_loss | -0.00241     |
|    value_loss           | 5.61e-05     |
------------------------------------------
------------------------------------------
| time/                   |              |
|    fps                  | 3997         |
|    iterations           | 21           |
|    time_elapsed         | 64           |
|    total_timesteps      | 258048       |
| train/                  |              |
|    approx_kl            | 0.0067129605 |
|    clip_fraction        | 0.017        |
|    clip_range           | 0.2          |
|    entropy_loss         | -0.976       |
|    explained_variance   | 0.368        |
|    learning_rate        | 0.000299     |
|    loss                 | -0.00597     |
|    n_updates            | 200          |
|    policy_gradient_loss | -0.00192     |
|    value_loss           | 4.32e-05     |
------------------------------------------
------------------------------------------
| rollout/                |              |
|    ep_len_mean          | 4.32e+04     |
|    ep_rew_mean          | -0.284       |
| time/                   |              |
|    fps                  | 3998         |
|    iterations           | 22           |
|    time_elapsed         | 67           |
|    total_timesteps      | 270336       |
| train/                  |              |
|    approx_kl            | 0.0050565884 |
|    clip_fraction        | 0.0148       |
|    clip_range           | 0.2          |
|    entropy_loss         | -0.974       |
|    explained_variance   | 0.207        |
|    learning_rate        | 0.000298     |
|    loss                 | -0.00147     |
|    n_updates            | 210          |
|    policy_gradient_loss | -0.00169     |
|    value_loss           | 5.13e-05     |
------------------------------------------
------------------------------------------
| rollout/                |              |
|    ep_len_mean          | 4.32e+04     |
|    ep_rew_mean          | -0.284       |
| time/                   |              |
|    fps                  | 4000         |
|    iterations           | 23           |
|    time_elapsed         | 70           |
|    total_timesteps      | 282624       |
| train/                  |              |
|    approx_kl            | 0.0060659945 |
|    clip_fraction        | 0.0202       |
|    clip_range           | 0.2          |
|    entropy_loss         | -0.976       |
|    explained_variance   | 0.117        |
|    learning_rate        | 0.000298     |
|    loss                 | -0.0179      |
|    n_updates            | 220          |
|    policy_gradient_loss | -0.00273     |
|    value_loss           | 5.26e-05     |
------------------------------------------
-----------------------------------------
| rollout/                |             |
|    ep_len_mean          | 4.32e+04    |
|    ep_rew_mean          | -0.284      |
| time/                   |             |
|    fps                  | 4006        |
|    iterations           | 24          |
|    time_elapsed         | 73          |
|    total_timesteps      | 294912      |
| train/                  |             |
|    approx_kl            | 0.005264014 |
|    clip_fraction        | 0.0299      |
|    clip_range           | 0.2         |
|    entropy_loss         | -0.966      |
|    explained_variance   | 0.226       |
|    learning_rate        | 0.000298    |
|    loss                 | -0.0121     |
|    n_updates            | 230         |
|    policy_gradient_loss | -0.00317    |
|    value_loss           | 5.03e-05    |
-----------------------------------------
------------------------------------------
| rollout/                |              |
|    ep_len_mean          | 4.32e+04     |
|    ep_rew_mean          | -0.284       |
| time/                   |              |
|    fps                  | 4010         |
|    iterations           | 25           |
|    time_elapsed         | 76           |
|    total_timesteps      | 307200       |
| train/                  |              |
|    approx_kl            | 0.0074183173 |
|    clip_fraction        | 0.0271       |
|    clip_range           | 0.2          |
|    entropy_loss         | -0.97        |
|    explained_variance   | 0.412        |
|    learning_rate        | 0.000298     |
|    loss                 | -0.0173      |
|    n_updates            | 240          |
|    policy_gradient_loss | -0.00269     |
|    value_loss           | 8.83e-05     |
------------------------------------------
------------------------------------------
| rollout/                |              |
|    ep_len_mean          | 4.32e+04     |
|    ep_rew_mean          | -0.284       |
| time/                   |              |
|    fps                  | 4013         |
|    iterations           | 26           |
|    time_elapsed         | 79           |
|    total_timesteps      | 319488       |
| train/                  |              |
|    approx_kl            | 0.0057501364 |
|    clip_fraction        | 0.0262       |
|    clip_range           | 0.2          |
|    entropy_loss         | -0.977       |
|    explained_variance   | 0.534        |
|    learning_rate        | 0.000298     |
|    loss                 | -0.0048      |
|    n_updates            | 250          |
|    policy_gradient_loss | -0.00259     |
|    value_loss           | 6.07e-05     |
------------------------------------------
------------------------------------------
| rollout/                |              |
|    ep_len_mean          | 4.32e+04     |
|    ep_rew_mean          | -0.284       |
| time/                   |              |
|    fps                  | 4010         |
|    iterations           | 27           |
|    time_elapsed         | 82           |
|    total_timesteps      | 331776       |
| train/                  |              |
|    approx_kl            | 0.0056910594 |
|    clip_fraction        | 0.0235       |
|    clip_range           | 0.2          |
|    entropy_loss         | -0.985       |
|    explained_variance   | 0.524        |
|    learning_rate        | 0.000298     |
|    loss                 | -0.00714     |
|    n_updates            | 260          |
|    policy_gradient_loss | -0.00224     |
|    value_loss           | 6.3e-05      |
------------------------------------------
-----------------------------------------
| rollout/                |             |
|    ep_len_mean          | 4.32e+04    |
|    ep_rew_mean          | -0.284      |
| time/                   |             |
|    fps                  | 4008        |
|    iterations           | 28          |
|    time_elapsed         | 85          |
|    total_timesteps      | 344064      |
| train/                  |             |
|    approx_kl            | 0.003750546 |
|    clip_fraction        | 0.0107      |
|    clip_range           | 0.2         |
|    entropy_loss         | -0.996      |
|    explained_variance   | 0.437       |
|    learning_rate        | 0.000298    |
|    loss                 | -0.00914    |
|    n_updates            | 270         |
|    policy_gradient_loss | -0.00144    |
|    value_loss           | 8.66e-05    |
-----------------------------------------
------------------------------------------
| rollout/                |              |
|    ep_len_mean          | 4.32e+04     |
|    ep_rew_mean          | -0.284       |
| time/                   |              |
|    fps                  | 4002         |
|    iterations           | 29           |
|    time_elapsed         | 89           |
|    total_timesteps      | 356352       |
| train/                  |              |
|    approx_kl            | 0.0074101463 |
|    clip_fraction        | 0.0326       |
|    clip_range           | 0.2          |
|    entropy_loss         | -0.982       |
|    explained_variance   | 0.585        |
|    learning_rate        | 0.000298     |
|    loss                 | -0.00934     |
|    n_updates            | 280          |
|    policy_gradient_loss | -0.00307     |
|    value_loss           | 7.11e-05     |
------------------------------------------
------------------------------------------
| rollout/                |              |
|    ep_len_mean          | 4.32e+04     |
|    ep_rew_mean          | -0.284       |
| time/                   |              |
|    fps                  | 4001         |
|    iterations           | 30           |
|    time_elapsed         | 92           |
|    total_timesteps      | 368640       |
| train/                  |              |
|    approx_kl            | 0.0071912333 |
|    clip_fraction        | 0.0283       |
|    clip_range           | 0.2          |
|    entropy_loss         | -0.989       |
|    explained_variance   | 0.014        |
|    learning_rate        | 0.000298     |
|    loss                 | -0.0102      |
|    n_updates            | 290          |
|    policy_gradient_loss | -0.00252     |
|    value_loss           | 8.48e-05     |
------------------------------------------
------------------------------------------
| rollout/                |              |
|    ep_len_mean          | 4.32e+04     |
|    ep_rew_mean          | -0.284       |
| time/                   |              |
|    fps                  | 4002         |
|    iterations           | 31           |
|    time_elapsed         | 95           |
|    total_timesteps      | 380928       |
| train/                  |              |
|    approx_kl            | 0.0056558065 |
|    clip_fraction        | 0.0167       |
|    clip_range           | 0.2          |
|    entropy_loss         | -0.961       |
|    explained_variance   | 0.388        |
|    learning_rate        | 0.000298     |
|    loss                 | -0.0109      |
|    n_updates            | 300          |
|    policy_gradient_loss | -0.00251     |
|    value_loss           | 4.58e-05     |
------------------------------------------
-----------------------------------------
| rollout/                |             |
|    ep_len_mean          | 4.32e+04    |
|    ep_rew_mean          | -0.284      |
| time/                   |             |
|    fps                  | 4001        |
|    iterations           | 32          |
|    time_elapsed         | 98          |
|    total_timesteps      | 393216      |
| train/                  |             |
|    approx_kl            | 0.009198828 |
|    clip_fraction        | 0.0395      |
|    clip_range           | 0.2         |
|    entropy_loss         | -0.979      |
|    explained_variance   | 0.0981      |
|    learning_rate        | 0.000298    |
|    loss                 | -0.012      |
|    n_updates            | 310         |
|    policy_gradient_loss | -0.0035     |
|    value_loss           | 4.09e-05    |
-----------------------------------------
------------------------------------------
| rollout/                |              |
|    ep_len_mean          | 4.32e+04     |
|    ep_rew_mean          | -0.284       |
| time/                   |              |
|    fps                  | 3999         |
|    iterations           | 33           |
|    time_elapsed         | 101          |
|    total_timesteps      | 405504       |
| train/                  |              |
|    approx_kl            | 0.0043262145 |
|    clip_fraction        | 0.0164       |
|    clip_range           | 0.2          |
|    entropy_loss         | -0.947       |
|    explained_variance   | 0.0364       |
|    learning_rate        | 0.000298     |
|    loss                 | -0.0114      |
|    n_updates            | 320          |
|    policy_gradient_loss | -0.00192     |
|    value_loss           | 3.51e-05     |
------------------------------------------
------------------------------------------
| rollout/                |              |
|    ep_len_mean          | 4.32e+04     |
|    ep_rew_mean          | -0.284       |
| time/                   |              |
|    fps                  | 4002         |
|    iterations           | 34           |
|    time_elapsed         | 104          |
|    total_timesteps      | 417792       |
| train/                  |              |
|    approx_kl            | 0.0028810275 |
|    clip_fraction        | 0.0105       |
|    clip_range           | 0.2          |
|    entropy_loss         | -0.954       |
|    explained_variance   | 0.146        |
|    learning_rate        | 0.000298     |
|    loss                 | -0.0139      |
|    n_updates            | 330          |
|    policy_gradient_loss | -0.00165     |
|    value_loss           | 3.47e-05     |
------------------------------------------
-----------------------------------------
| rollout/                |             |
|    ep_len_mean          | 4.32e+04    |
|    ep_rew_mean          | -0.284      |
| time/                   |             |
|    fps                  | 4001        |
|    iterations           | 35          |
|    time_elapsed         | 107         |
|    total_timesteps      | 430080      |
| train/                  |             |
|    approx_kl            | 0.007115578 |
|    clip_fraction        | 0.0179      |
|    clip_range           | 0.2         |
|    entropy_loss         | -0.934      |
|    explained_variance   | 0.244       |
|    learning_rate        | 0.000297    |
|    loss                 | -0.0135     |
|    n_updates            | 340         |
|    policy_gradient_loss | -0.00207    |
|    value_loss           | 2.58e-05    |
-----------------------------------------
-----------------------------------------
| rollout/                |             |
|    ep_len_mean          | 4.32e+04    |
|    ep_rew_mean          | -0.284      |
| time/                   |             |
|    fps                  | 3999        |
|    iterations           | 36          |
|    time_elapsed         | 110         |
|    total_timesteps      | 442368      |
| train/                  |             |
|    approx_kl            | 0.003225838 |
|    clip_fraction        | 0.0142      |
|    clip_range           | 0.2         |
|    entropy_loss         | -0.923      |
|    explained_variance   | 0.443       |
|    learning_rate        | 0.000297    |
|    loss                 | -0.0162     |
|    n_updates            | 350         |
|    policy_gradient_loss | -0.00209    |
|    value_loss           | 3.81e-05    |
-----------------------------------------
------------------------------------------
| rollout/                |              |
|    ep_len_mean          | 4.32e+04     |
|    ep_rew_mean          | -0.284       |
| time/                   |              |
|    fps                  | 3990         |
|    iterations           | 37           |
|    time_elapsed         | 113          |
|    total_timesteps      | 454656       |
| train/                  |              |
|    approx_kl            | 0.0059985914 |
|    clip_fraction        | 0.0385       |
|    clip_range           | 0.2          |
|    entropy_loss         | -0.894       |
|    explained_variance   | 0.462        |
|    learning_rate        | 0.000297     |
|    loss                 | -0.0104      |
|    n_updates            | 360          |
|    policy_gradient_loss | -0.00323     |
|    value_loss           | 3.69e-05     |
------------------------------------------
------------------------------------------
| rollout/                |              |
|    ep_len_mean          | 4.32e+04     |
|    ep_rew_mean          | -0.284       |
| time/                   |              |
|    fps                  | 3965         |
|    iterations           | 38           |
|    time_elapsed         | 117          |
|    total_timesteps      | 466944       |
| train/                  |              |
|    approx_kl            | 0.0049371123 |
|    clip_fraction        | 0.024        |
|    clip_range           | 0.2          |
|    entropy_loss         | -0.917       |
|    explained_variance   | 0.059        |
|    learning_rate        | 0.000297     |
|    loss                 | -0.00781     |
|    n_updates            | 370          |
|    policy_gradient_loss | -0.0022      |
|    value_loss           | 3.29e-05     |
------------------------------------------
------------------------------------------
| rollout/                |              |
|    ep_len_mean          | 4.32e+04     |
|    ep_rew_mean          | -0.284       |
| time/                   |              |
|    fps                  | 3966         |
|    iterations           | 39           |
|    time_elapsed         | 120          |
|    total_timesteps      | 479232       |
| train/                  |              |
|    approx_kl            | 0.0040286193 |
|    clip_fraction        | 0.0264       |
|    clip_range           | 0.2          |
|    entropy_loss         | -0.901       |
|    explained_variance   | 0.314        |
|    learning_rate        | 0.000297     |
|    loss                 | -0.0071      |
|    n_updates            | 380          |
|    policy_gradient_loss | -0.00193     |
|    value_loss           | 2.76e-05     |
------------------------------------------
-----------------------------------------
| rollout/                |             |
|    ep_len_mean          | 4.32e+04    |
|    ep_rew_mean          | -0.284      |
| time/                   |             |
|    fps                  | 3963        |
|    iterations           | 40          |
|    time_elapsed         | 124         |
|    total_timesteps      | 491520      |
| train/                  |             |
|    approx_kl            | 0.006267743 |
|    clip_fraction        | 0.0262      |
|    clip_range           | 0.2         |
|    entropy_loss         | -0.883      |
|    explained_variance   | -0.0428     |
|    learning_rate        | 0.000297    |
|    loss                 | -0.012      |
|    n_updates            | 390         |
|    policy_gradient_loss | -0.00251    |
|    value_loss           | 4.68e-05    |
-----------------------------------------
----------------------------------------------------
| rollout/                           |             |
|    ep_len_mean                     | 4.32e+04    |
|    ep_rew_mean                     | -0.284      |
| time/                              |             |
|    fps                             | 1038        |
|    iterations                      | 41          |
|    time_elapsed                    | 485         |
|    total_timesteps                 | 503808      |
| train/                             |             |
|    approx_kl                       | 0.004523461 |
|    clip_fraction                   | 0.0199      |
|    clip_range                      | 0.2         |
|    entropy_loss                    | -0.89       |
|    explained_variance              | 0.0151      |
|    learning_rate                   | 0.000297    |
|    loss                            | -0.014      |
|    n_updates                       | 400         |
|    policy_gradient_loss            | -0.00148    |
|    value_loss                      | 5.81e-05    |
| valid/                             |             |
|    BTC-USDT-SWAP/compound_mdd_pct  | 100         |
|    BTC-USDT-SWAP/compound_multiple | 1.14e-13    |
|    BTC-USDT-SWAP/max_single_loss   | -17.3       |
|    BTC-USDT-SWAP/near_liq_n        | 0           |
|    BTC-USDT-SWAP/near_liq_pct      | 0           |
|    BTC-USDT-SWAP/pnl_std           | 1.07        |
|    BTC-USDT-SWAP/sel_monthly_log   | -2.84       |
|    BTC-USDT-SWAP/total_pnl         | -2.92e+03   |
|    BTC-USDT-SWAP/trades            | 9316        |
|    BTC-USDT-SWAP/trades_per_month  | 788         |
|    BTC-USDT-SWAP/v9_score          | -2.75e+03   |
|    BTC-USDT-SWAP/win_rate          | 0.184       |
|    ETH-USDT-SWAP/compound_mdd_pct  | 100         |
|    ETH-USDT-SWAP/compound_multiple | 1.4e-09     |
|    ETH-USDT-SWAP/max_single_loss   | -37         |
|    ETH-USDT-SWAP/near_liq_n        | 0           |
|    ETH-USDT-SWAP/near_liq_pct      | 0           |
|    ETH-USDT-SWAP/pnl_std           | 2.09        |
|    ETH-USDT-SWAP/total_pnl         | -1.89e+03   |
|    ETH-USDT-SWAP/trades            | 6160        |
|    ETH-USDT-SWAP/trades_per_month  | 521         |
|    ETH-USDT-SWAP/v9_score          | -1.69e+03   |
|    ETH-USDT-SWAP/win_rate          | 0.232       |
|    min_v9_score                    | -2.75e+03   |
----------------------------------------------------
------------------------------------------
| rollout/                |              |
|    ep_len_mean          | 4.32e+04     |
|    ep_rew_mean          | -0.284       |
| time/                   |              |
|    fps                  | 1056         |
|    iterations           | 42           |
|    time_elapsed         | 488          |
|    total_timesteps      | 516096       |
| train/                  |              |
|    approx_kl            | 0.0035396202 |
|    clip_fraction        | 0.0234       |
|    clip_range           | 0.2          |
|    entropy_loss         | -0.863       |
|    explained_variance   | 0.0686       |
|    learning_rate        | 0.000297     |
|    loss                 | -0.00959     |
|    n_updates            | 410          |
|    policy_gradient_loss | -0.00262     |
|    value_loss           | 6.65e-05     |
------------------------------------------
-----------------------------------------
| rollout/                |             |
|    ep_len_mean          | 4.32e+04    |
|    ep_rew_mean          | -0.366      |
| time/                   |             |
|    fps                  | 1075        |
|    iterations           | 43          |
|    time_elapsed         | 491         |
|    total_timesteps      | 528384      |
| train/                  |             |
|    approx_kl            | 0.008149642 |
|    clip_fraction        | 0.0254      |
|    clip_range           | 0.2         |
|    entropy_loss         | -0.897      |
|    explained_variance   | 0.202       |
|    learning_rate        | 0.000297    |
|    loss                 | -0.0155     |
|    n_updates            | 420         |
|    policy_gradient_loss | -0.00335    |
|    value_loss           | 6.59e-05    |
-----------------------------------------
------------------------------------------
| rollout/                |              |
|    ep_len_mean          | 4.32e+04     |
|    ep_rew_mean          | -0.366       |
| time/                   |              |
|    fps                  | 1093         |
|    iterations           | 44           |
|    time_elapsed         | 494          |
|    total_timesteps      | 540672       |
| train/                  |              |
|    approx_kl            | 0.0032226846 |
|    clip_fraction        | 0.0144       |
|    clip_range           | 0.2          |
|    entropy_loss         | -0.894       |
|    explained_variance   | 0.0416       |
|    learning_rate        | 0.000297     |
|    loss                 | -0.0128      |
|    n_updates            | 430          |
|    policy_gradient_loss | -0.00221     |
|    value_loss           | 2.32e-05     |
------------------------------------------
------------------------------------------
| rollout/                |              |
|    ep_len_mean          | 4.32e+04     |
|    ep_rew_mean          | -0.366       |
| time/                   |              |
|    fps                  | 1111         |
|    iterations           | 45           |
|    time_elapsed         | 497          |
|    total_timesteps      | 552960       |
| train/                  |              |
|    approx_kl            | 0.0037530307 |
|    clip_fraction        | 0.0186       |
|    clip_range           | 0.2          |
|    entropy_loss         | -0.877       |
|    explained_variance   | 0.0181       |
|    learning_rate        | 0.000297     |
|    loss                 | -0.0167      |
|    n_updates            | 440          |
|    policy_gradient_loss | -0.00132     |
|    value_loss           | 3.59e-05     |
------------------------------------------
-----------------------------------------
| rollout/                |             |
|    ep_len_mean          | 4.32e+04    |
|    ep_rew_mean          | -0.366      |
| time/                   |             |
|    fps                  | 1128        |
|    iterations           | 46          |
|    time_elapsed         | 500         |
|    total_timesteps      | 565248      |
| train/                  |             |
|    approx_kl            | 0.005458065 |
|    clip_fraction        | 0.0179      |
|    clip_range           | 0.2         |
|    entropy_loss         | -0.89       |
|    explained_variance   | 0.329       |
|    learning_rate        | 0.000297    |
|    loss                 | -0.00611    |
|    n_updates            | 450         |
|    policy_gradient_loss | -0.00142    |
|    value_loss           | 1.16e-05    |
-----------------------------------------
------------------------------------------
| rollout/                |              |
|    ep_len_mean          | 4.32e+04     |
|    ep_rew_mean          | -0.366       |
| time/                   |              |
|    fps                  | 1146         |
|    iterations           | 47           |
|    time_elapsed         | 503          |
|    total_timesteps      | 577536       |
| train/                  |              |
|    approx_kl            | 0.0054015075 |
|    clip_fraction        | 0.0142       |
|    clip_range           | 0.2          |
|    entropy_loss         | -0.887       |
|    explained_variance   | 0.171        |
|    learning_rate        | 0.000297     |
|    loss                 | -0.00477     |
|    n_updates            | 460          |
|    policy_gradient_loss | -0.00147     |
|    value_loss           | 1.39e-05     |
------------------------------------------
------------------------------------------
| rollout/                |              |
|    ep_len_mean          | 4.32e+04     |
|    ep_rew_mean          | -0.366       |
| time/                   |              |
|    fps                  | 1163         |
|    iterations           | 48           |
|    time_elapsed         | 506          |
|    total_timesteps      | 589824       |
| train/                  |              |
|    approx_kl            | 0.0071968934 |
|    clip_fraction        | 0.0259       |
|    clip_range           | 0.2          |
|    entropy_loss         | -0.865       |
|    explained_variance   | 0.222        |
|    learning_rate        | 0.000297     |
|    loss                 | -0.0188      |
|    n_updates            | 470          |
|    policy_gradient_loss | -0.0033      |
|    value_loss           | 2.01e-05     |
------------------------------------------
------------------------------------------
| rollout/                |              |
|    ep_len_mean          | 4.32e+04     |
|    ep_rew_mean          | -0.366       |
| time/                   |              |
|    fps                  | 1180         |
|    iterations           | 49           |
|    time_elapsed         | 509          |
|    total_timesteps      | 602112       |
| train/                  |              |
|    approx_kl            | 0.0052235746 |
|    clip_fraction        | 0.035        |
|    clip_range           | 0.2          |
|    entropy_loss         | -0.859       |
|    explained_variance   | 0.235        |
|    learning_rate        | 0.000296     |
|    loss                 | -0.0084      |
|    n_updates            | 480          |
|    policy_gradient_loss | -0.00335     |
|    value_loss           | 1.8e-05      |
------------------------------------------
------------------------------------------
| rollout/                |              |
|    ep_len_mean          | 4.32e+04     |
|    ep_rew_mean          | -0.366       |
| time/                   |              |
|    fps                  | 1197         |
|    iterations           | 50           |
|    time_elapsed         | 513          |
|    total_timesteps      | 614400       |
| train/                  |              |
|    approx_kl            | 0.0037464986 |
|    clip_fraction        | 0.0192       |
|    clip_range           | 0.2          |
|    entropy_loss         | -0.851       |
|    explained_variance   | 0.42         |
|    learning_rate        | 0.000296     |
|    loss                 | -0.0112      |
|    n_updates            | 490          |
|    policy_gradient_loss | -0.00209     |
|    value_loss           | 1.35e-05     |
------------------------------------------
------------------------------------------
| rollout/                |              |
|    ep_len_mean          | 4.32e+04     |
|    ep_rew_mean          | -0.366       |
| time/                   |              |
|    fps                  | 1214         |
|    iterations           | 51           |
|    time_elapsed         | 516          |
|    total_timesteps      | 626688       |
| train/                  |              |
|    approx_kl            | 0.0035543367 |
|    clip_fraction        | 0.0276       |
|    clip_range           | 0.2          |
|    entropy_loss         | -0.813       |
|    explained_variance   | 0.452        |
|    learning_rate        | 0.000296     |
|    loss                 | -0.00728     |
|    n_updates            | 500          |
|    policy_gradient_loss | -0.00263     |
|    value_loss           | 1.5e-05      |
------------------------------------------
------------------------------------------
| rollout/                |              |
|    ep_len_mean          | 4.32e+04     |
|    ep_rew_mean          | -0.366       |
| time/                   |              |
|    fps                  | 1230         |
|    iterations           | 52           |
|    time_elapsed         | 519          |
|    total_timesteps      | 638976       |
| train/                  |              |
|    approx_kl            | 0.0071828845 |
|    clip_fraction        | 0.0446       |
|    clip_range           | 0.2          |
|    entropy_loss         | -0.837       |
|    explained_variance   | 0.293        |
|    learning_rate        | 0.000296     |
|    loss                 | -0.0144      |
|    n_updates            | 510          |
|    policy_gradient_loss | -0.00462     |
|    value_loss           | 2.72e-05     |
------------------------------------------
------------------------------------------
| rollout/                |              |
|    ep_len_mean          | 4.32e+04     |
|    ep_rew_mean          | -0.366       |
| time/                   |              |
|    fps                  | 1246         |
|    iterations           | 53           |
|    time_elapsed         | 522          |
|    total_timesteps      | 651264       |
| train/                  |              |
|    approx_kl            | 0.0067977216 |
|    clip_fraction        | 0.0525       |
|    clip_range           | 0.2          |
|    entropy_loss         | -0.802       |
|    explained_variance   | 0.227        |
|    learning_rate        | 0.000296     |
|    loss                 | -0.00624     |
|    n_updates            | 520          |
|    policy_gradient_loss | -0.00401     |
|    value_loss           | 1.64e-05     |
------------------------------------------
-----------------------------------------
| rollout/                |             |
|    ep_len_mean          | 4.32e+04    |
|    ep_rew_mean          | -0.366      |
| time/                   |             |
|    fps                  | 1262        |
|    iterations           | 54          |
|    time_elapsed         | 525         |
|    total_timesteps      | 663552      |
| train/                  |             |
|    approx_kl            | 0.004073253 |
|    clip_fraction        | 0.0208      |
|    clip_range           | 0.2         |
|    entropy_loss         | -0.785      |
|    explained_variance   | 0.447       |
|    learning_rate        | 0.000296    |
|    loss                 | -0.0106     |
|    n_updates            | 530         |
|    policy_gradient_loss | -0.00227    |
|    value_loss           | 2.04e-05    |
-----------------------------------------
------------------------------------------
| rollout/                |              |
|    ep_len_mean          | 4.32e+04     |
|    ep_rew_mean          | -0.366       |
| time/                   |              |
|    fps                  | 1278         |
|    iterations           | 55           |
|    time_elapsed         | 528          |
|    total_timesteps      | 675840       |
| train/                  |              |
|    approx_kl            | 0.0042791595 |
|    clip_fraction        | 0.017        |
|    clip_range           | 0.2          |
|    entropy_loss         | -0.791       |
|    explained_variance   | 0.304        |
|    learning_rate        | 0.000296     |
|    loss                 | -0.0118      |
|    n_updates            | 540          |
|    policy_gradient_loss | -0.00247     |
|    value_loss           | 2.27e-05     |
------------------------------------------
------------------------------------------
| rollout/                |              |
|    ep_len_mean          | 4.32e+04     |
|    ep_rew_mean          | -0.366       |
| time/                   |              |
|    fps                  | 1294         |
|    iterations           | 56           |
|    time_elapsed         | 531          |
|    total_timesteps      | 688128       |
| train/                  |              |
|    approx_kl            | 0.0027629335 |
|    clip_fraction        | 0.00926      |
|    clip_range           | 0.2          |
|    entropy_loss         | -0.774       |
|    explained_variance   | 0.312        |
|    learning_rate        | 0.000296     |
|    loss                 | -0.00641     |
|    n_updates            | 550          |
|    policy_gradient_loss | -0.00167     |
|    value_loss           | 1.73e-05     |
------------------------------------------
------------------------------------------
| rollout/                |              |
|    ep_len_mean          | 4.32e+04     |
|    ep_rew_mean          | -0.366       |
| time/                   |              |
|    fps                  | 1309         |
|    iterations           | 57           |
|    time_elapsed         | 534          |
|    total_timesteps      | 700416       |
| train/                  |              |
|    approx_kl            | 0.0043070335 |
|    clip_fraction        | 0.0195       |
|    clip_range           | 0.2          |
|    entropy_loss         | -0.774       |
|    explained_variance   | 0.0537       |
|    learning_rate        | 0.000296     |
|    loss                 | -0.00311     |
|    n_updates            | 560          |
|    policy_gradient_loss | -0.0019      |
|    value_loss           | 2.45e-05     |
------------------------------------------
------------------------------------------
| rollout/                |              |
|    ep_len_mean          | 4.32e+04     |
|    ep_rew_mean          | -0.366       |
| time/                   |              |
|    fps                  | 1323         |
|    iterations           | 58           |
|    time_elapsed         | 538          |
|    total_timesteps      | 712704       |
| train/                  |              |
|    approx_kl            | 0.0049350304 |
|    clip_fraction        | 0.0153       |
|    clip_range           | 0.2          |
|    entropy_loss         | -0.813       |
|    explained_variance   | 0.082        |
|    learning_rate        | 0.000296     |
|    loss                 | -0.018       |
|    n_updates            | 570          |
|    policy_gradient_loss | -0.00176     |
|    value_loss           | 2.29e-05     |
------------------------------------------
------------------------------------------
| rollout/                |              |
|    ep_len_mean          | 4.32e+04     |
|    ep_rew_mean          | -0.366       |
| time/                   |              |
|    fps                  | 1336         |
|    iterations           | 59           |
|    time_elapsed         | 542          |
|    total_timesteps      | 724992       |
| train/                  |              |
|    approx_kl            | 0.0033589387 |
|    clip_fraction        | 0.0195       |
|    clip_range           | 0.2          |
|    entropy_loss         | -0.758       |
|    explained_variance   | 0.386        |
|    learning_rate        | 0.000296     |
|    loss                 | -0.013       |
|    n_updates            | 580          |
|    policy_gradient_loss | -0.0019      |
|    value_loss           | 1.54e-05     |
------------------------------------------
-----------------------------------------
| rollout/                |             |
|    ep_len_mean          | 4.32e+04    |
|    ep_rew_mean          | -0.366      |
| time/                   |             |
|    fps                  | 1351        |
|    iterations           | 60          |
|    time_elapsed         | 545         |
|    total_timesteps      | 737280      |
| train/                  |             |
|    approx_kl            | 0.004169162 |
|    clip_fraction        | 0.0178      |
|    clip_range           | 0.2         |
|    entropy_loss         | -0.78       |
|    explained_variance   | 0.436       |
|    learning_rate        | 0.000296    |
|    loss                 | -0.0109     |
|    n_updates            | 590         |
|    policy_gradient_loss | -0.00228    |
|    value_loss           | 2.38e-05    |
-----------------------------------------
-----------------------------------------
| rollout/                |             |
|    ep_len_mean          | 4.32e+04    |
|    ep_rew_mean          | -0.366      |
| time/                   |             |
|    fps                  | 1365        |
|    iterations           | 61          |
|    time_elapsed         | 548         |
|    total_timesteps      | 749568      |
| train/                  |             |
|    approx_kl            | 0.005239161 |
|    clip_fraction        | 0.0342      |
|    clip_range           | 0.2         |
|    entropy_loss         | -0.78       |
|    explained_variance   | 0.31        |
|    learning_rate        | 0.000296    |
|    loss                 | -0.0108     |
|    n_updates            | 600         |
|    policy_gradient_loss | -0.00354    |
|    value_loss           | 2.6e-05     |
-----------------------------------------
