[CPU Affinity] Main process -> Core 0 | 14 workers -> Cores 1~14
run_name: v9_fullctrl_seed0_0727-0907
Using cpu device
Logging to /home/henjigcp/git/quant_real_RL/logs/v9_fullctrl/v9_fullctrl_seed0_0727-0907
------------------------------
| time/              |       |
|    fps             | 20000 |
|    iterations      | 1     |
|    time_elapsed    | 1     |
|    total_timesteps | 28672 |
------------------------------
----------------------------------------
| time/                   |            |
|    fps                  | 14823      |
|    iterations           | 2          |
|    time_elapsed         | 3          |
|    total_timesteps      | 57344      |
| train/                  |            |
|    approx_kl            | 0.01184342 |
|    clip_fraction        | 0.134      |
|    clip_range           | 0.2        |
|    entropy_loss         | -1.09      |
|    explained_variance   | -1.43      |
|    learning_rate        | 0.000293   |
|    loss                 | -0.0239    |
|    n_updates            | 10         |
|    policy_gradient_loss | -0.00834   |
|    value_loss           | 0.00521    |
----------------------------------------
-----------------------------------------
| time/                   |             |
|    fps                  | 13904       |
|    iterations           | 3           |
|    time_elapsed         | 6           |
|    total_timesteps      | 86016       |
| train/                  |             |
|    approx_kl            | 0.009021422 |
|    clip_fraction        | 0.0228      |
|    clip_range           | 0.2         |
|    entropy_loss         | -1.08       |
|    explained_variance   | 0.519       |
|    learning_rate        | 0.000286    |
|    loss                 | -0.0149     |
|    n_updates            | 20          |
|    policy_gradient_loss | -0.00156    |
|    value_loss           | 0.00118     |
-----------------------------------------
------------------------------------------
| time/                   |              |
|    fps                  | 13429        |
|    iterations           | 4            |
|    time_elapsed         | 8            |
|    total_timesteps      | 114688       |
| train/                  |              |
|    approx_kl            | 0.0074859275 |
|    clip_fraction        | 0.0183       |
|    clip_range           | 0.2          |
|    entropy_loss         | -1.07        |
|    explained_variance   | 0.554        |
|    learning_rate        | 0.000278     |
|    loss                 | -0.0196      |
|    n_updates            | 30           |
|    policy_gradient_loss | -0.00163     |
|    value_loss           | 0.00063      |
------------------------------------------
------------------------------------------
| time/                   |              |
|    fps                  | 13171        |
|    iterations           | 5            |
|    time_elapsed         | 10           |
|    total_timesteps      | 143360       |
| train/                  |              |
|    approx_kl            | 0.0066266763 |
|    clip_fraction        | 0.0273       |
|    clip_range           | 0.2          |
|    entropy_loss         | -1.06        |
|    explained_variance   | 0.475        |
|    learning_rate        | 0.000271     |
|    loss                 | -0.0169      |
|    n_updates            | 40           |
|    policy_gradient_loss | -0.00162     |
|    value_loss           | 0.000341     |
------------------------------------------
-----------------------------------------
| time/                   |             |
|    fps                  | 12960       |
|    iterations           | 6           |
|    time_elapsed         | 13          |
|    total_timesteps      | 172032      |
| train/                  |             |
|    approx_kl            | 0.005833962 |
|    clip_fraction        | 0.0267      |
|    clip_range           | 0.2         |
|    entropy_loss         | -1.03       |
|    explained_variance   | 0.539       |
|    learning_rate        | 0.000264    |
|    loss                 | -0.0118     |
|    n_updates            | 50          |
|    policy_gradient_loss | -0.00229    |
|    value_loss           | 0.000231    |
-----------------------------------------
-----------------------------------------
| time/                   |             |
|    fps                  | 12849       |
|    iterations           | 7           |
|    time_elapsed         | 15          |
|    total_timesteps      | 200704      |
| train/                  |             |
|    approx_kl            | 0.008264408 |
|    clip_fraction        | 0.0307      |
|    clip_range           | 0.2         |
|    entropy_loss         | -1.02       |
|    explained_variance   | 0.511       |
|    learning_rate        | 0.000257    |
|    loss                 | -0.0129     |
|    n_updates            | 60          |
|    policy_gradient_loss | -0.0028     |
|    value_loss           | 0.00018     |
-----------------------------------------
-----------------------------------------
| time/                   |             |
|    fps                  | 12758       |
|    iterations           | 8           |
|    time_elapsed         | 17          |
|    total_timesteps      | 229376      |
| train/                  |             |
|    approx_kl            | 0.010262504 |
|    clip_fraction        | 0.0367      |
|    clip_range           | 0.2         |
|    entropy_loss         | -0.974      |
|    explained_variance   | 0.536       |
|    learning_rate        | 0.00025     |
|    loss                 | -0.0121     |
|    n_updates            | 70          |
|    policy_gradient_loss | -0.00333    |
|    value_loss           | 0.000123    |
-----------------------------------------
------------------------------------------
| time/                   |              |
|    fps                  | 12690        |
|    iterations           | 9            |
|    time_elapsed         | 20           |
|    total_timesteps      | 258048       |
| train/                  |              |
|    approx_kl            | 0.0048045837 |
|    clip_fraction        | 0.0223       |
|    clip_range           | 0.2          |
|    entropy_loss         | -0.947       |
|    explained_variance   | 0.526        |
|    learning_rate        | 0.000243     |
|    loss                 | -0.0141      |
|    n_updates            | 80           |
|    policy_gradient_loss | -0.00219     |
|    value_loss           | 0.00013      |
------------------------------------------
-----------------------------------------
| time/                   |             |
|    fps                  | 12662       |
|    iterations           | 10          |
|    time_elapsed         | 22          |
|    total_timesteps      | 286720      |
| train/                  |             |
|    approx_kl            | 0.007634592 |
|    clip_fraction        | 0.0318      |
|    clip_range           | 0.2         |
|    entropy_loss         | -0.933      |
|    explained_variance   | 0.456       |
|    learning_rate        | 0.000235    |
|    loss                 | -0.00576    |
|    n_updates            | 90          |
|    policy_gradient_loss | -0.00257    |
|    value_loss           | 0.000127    |
-----------------------------------------
-----------------------------------------
| time/                   |             |
|    fps                  | 12652       |
|    iterations           | 11          |
|    time_elapsed         | 24          |
|    total_timesteps      | 315392      |
| train/                  |             |
|    approx_kl            | 0.006893418 |
|    clip_fraction        | 0.0333      |
|    clip_range           | 0.2         |
|    entropy_loss         | -0.889      |
|    explained_variance   | 0.529       |
|    learning_rate        | 0.000228    |
|    loss                 | -0.0114     |
|    n_updates            | 100         |
|    policy_gradient_loss | -0.00308    |
|    value_loss           | 0.000105    |
-----------------------------------------
------------------------------------------
| time/                   |              |
|    fps                  | 12647        |
|    iterations           | 12           |
|    time_elapsed         | 27           |
|    total_timesteps      | 344064       |
| train/                  |              |
|    approx_kl            | 0.0073018926 |
|    clip_fraction        | 0.0267       |
|    clip_range           | 0.2          |
|    entropy_loss         | -0.86        |
|    explained_variance   | 0.493        |
|    learning_rate        | 0.000221     |
|    loss                 | -0.0113      |
|    n_updates            | 110          |
|    policy_gradient_loss | -0.00256     |
|    value_loss           | 0.000112     |
------------------------------------------
------------------------------------------
| time/                   |              |
|    fps                  | 12630        |
|    iterations           | 13           |
|    time_elapsed         | 29           |
|    total_timesteps      | 372736       |
| train/                  |              |
|    approx_kl            | 0.0037928538 |
|    clip_fraction        | 0.0164       |
|    clip_range           | 0.2          |
|    entropy_loss         | -0.84        |
|    explained_variance   | 0.58         |
|    learning_rate        | 0.000214     |
|    loss                 | -0.0171      |
|    n_updates            | 120          |
|    policy_gradient_loss | -0.00175     |
|    value_loss           | 8.81e-05     |
------------------------------------------
-----------------------------------------
| time/                   |             |
|    fps                  | 12592       |
|    iterations           | 14          |
|    time_elapsed         | 31          |
|    total_timesteps      | 401408      |
| train/                  |             |
|    approx_kl            | 0.004273604 |
|    clip_fraction        | 0.0229      |
|    clip_range           | 0.2         |
|    entropy_loss         | -0.836      |
|    explained_variance   | 0.58        |
|    learning_rate        | 0.000207    |
|    loss                 | -0.0221     |
|    n_updates            | 130         |
|    policy_gradient_loss | -0.00253    |
|    value_loss           | 0.000117    |
-----------------------------------------
----------------------------------------
| time/                   |            |
|    fps                  | 12574      |
|    iterations           | 15         |
|    time_elapsed         | 34         |
|    total_timesteps      | 430080     |
| train/                  |            |
|    approx_kl            | 0.01077089 |
|    clip_fraction        | 0.0306     |
|    clip_range           | 0.2        |
|    entropy_loss         | -0.787     |
|    explained_variance   | 0.547      |
|    learning_rate        | 0.0002     |
|    loss                 | -0.000549  |
|    n_updates            | 140        |
|    policy_gradient_loss | -0.00308   |
|    value_loss           | 0.000108   |
----------------------------------------
------------------------------------------
| time/                   |              |
|    fps                  | 12570        |
|    iterations           | 16           |
|    time_elapsed         | 36           |
|    total_timesteps      | 458752       |
| train/                  |              |
|    approx_kl            | 0.0072468175 |
|    clip_fraction        | 0.0266       |
|    clip_range           | 0.2          |
|    entropy_loss         | -0.749       |
|    explained_variance   | 0.535        |
|    learning_rate        | 0.000192     |
|    loss                 | -0.0116      |
|    n_updates            | 150          |
|    policy_gradient_loss | -0.00237     |
|    value_loss           | 0.000109     |
------------------------------------------
------------------------------------------
| time/                   |              |
|    fps                  | 12539        |
|    iterations           | 17           |
|    time_elapsed         | 38           |
|    total_timesteps      | 487424       |
| train/                  |              |
|    approx_kl            | 0.0034852421 |
|    clip_fraction        | 0.021        |
|    clip_range           | 0.2          |
|    entropy_loss         | -0.72        |
|    explained_variance   | 0.647        |
|    learning_rate        | 0.000185     |
|    loss                 | -0.0134      |
|    n_updates            | 160          |
|    policy_gradient_loss | -0.00225     |
|    value_loss           | 8.94e-05     |
------------------------------------------
[DEBUG] dumped model+trades @ 500010 -> /home/henjigcp/git/quant_real_RL/models/v9_fullctrl/v9_fullctrl_seed0_0727-0907_debugdump_500010 (btc_sel=-1.0553)
----------------------------------------------------
| time/                              |             |
|    fps                             | 3592        |
|    iterations                      | 18          |
|    time_elapsed                    | 143         |
|    total_timesteps                 | 516096      |
| train/                             |             |
|    approx_kl                       | 0.002486711 |
|    clip_fraction                   | 0.0156      |
|    clip_range                      | 0.2         |
|    entropy_loss                    | -0.689      |
|    explained_variance              | 0.661       |
|    learning_rate                   | 0.000178    |
|    loss                            | -0.00651    |
|    n_updates                       | 170         |
|    policy_gradient_loss            | -0.00199    |
|    value_loss                      | 7.94e-05    |
| valid/                             |             |
|    BTC-USDT-SWAP/compound_mdd_pct  | 0           |
|    BTC-USDT-SWAP/compound_multiple | 0           |
|    BTC-USDT-SWAP/max_single_loss   | -100        |
|    BTC-USDT-SWAP/max_upnl          | 5.34        |
|    BTC-USDT-SWAP/near_liq_n        | 1           |
|    BTC-USDT-SWAP/near_liq_pct      | 0.5         |
|    BTC-USDT-SWAP/pnl_std           | 296         |
|    BTC-USDT-SWAP/sel_monthly_log   | -1.06       |
|    BTC-USDT-SWAP/total_pnl         | 392         |
|    BTC-USDT-SWAP/trades            | 2           |
|    BTC-USDT-SWAP/trades_per_month  | 0.169       |
|    BTC-USDT-SWAP/win_rate          | 0.5         |
|    ETH-USDT-SWAP/compound_mdd_pct  | 100         |
|    ETH-USDT-SWAP/compound_multiple | 0           |
|    ETH-USDT-SWAP/max_single_loss   | -100        |
|    ETH-USDT-SWAP/max_upnl          | 5.78        |
|    ETH-USDT-SWAP/near_liq_n        | 3           |
|    ETH-USDT-SWAP/near_liq_pct      | 0.75        |
|    ETH-USDT-SWAP/pnl_std           | 283         |
|    ETH-USDT-SWAP/total_pnl         | 254         |
|    ETH-USDT-SWAP/trades            | 4           |
|    ETH-USDT-SWAP/trades_per_month  | 0.338       |
|    ETH-USDT-SWAP/win_rate          | 0.25        |
----------------------------------------------------
------------------------------------------
| time/                   |              |
|    fps                  | 3732         |
|    iterations           | 19           |
|    time_elapsed         | 145          |
|    total_timesteps      | 544768       |
| train/                  |              |
|    approx_kl            | 0.0062187403 |
|    clip_fraction        | 0.0264       |
|    clip_range           | 0.2          |
|    entropy_loss         | -0.683       |
|    explained_variance   | 0.423        |
|    learning_rate        | 0.000171     |
|    loss                 | -0.00991     |
|    n_updates            | 180          |
|    policy_gradient_loss | -0.00191     |
|    value_loss           | 0.000113     |
------------------------------------------
------------------------------------------
| time/                   |              |
|    fps                  | 3866         |
|    iterations           | 20           |
|    time_elapsed         | 148          |
|    total_timesteps      | 573440       |
| train/                  |              |
|    approx_kl            | 0.0031151532 |
|    clip_fraction        | 0.0151       |
|    clip_range           | 0.2          |
|    entropy_loss         | -0.68        |
|    explained_variance   | 0.408        |
|    learning_rate        | 0.000164     |
|    loss                 | -0.00489     |
|    n_updates            | 190          |
|    policy_gradient_loss | -0.00159     |
|    value_loss           | 0.000101     |
------------------------------------------
------------------------------------------
| time/                   |              |
|    fps                  | 3995         |
|    iterations           | 21           |
|    time_elapsed         | 150          |
|    total_timesteps      | 602112       |
| train/                  |              |
|    approx_kl            | 0.0054768035 |
|    clip_fraction        | 0.0212       |
|    clip_range           | 0.2          |
|    entropy_loss         | -0.656       |
|    explained_variance   | 0.438        |
|    learning_rate        | 0.000157     |
|    loss                 | -0.0106      |
|    n_updates            | 200          |
|    policy_gradient_loss | -0.00167     |
|    value_loss           | 8.92e-05     |
------------------------------------------
-----------------------------------------
| rollout/                |             |
|    ep_len_mean          | 4.33e+04    |
|    ep_rew_mean          | -4.15       |
| time/                   |             |
|    fps                  | 4117        |
|    iterations           | 22          |
|    time_elapsed         | 153         |
|    total_timesteps      | 630784      |
| train/                  |             |
|    approx_kl            | 0.004757663 |
|    clip_fraction        | 0.0137      |
|    clip_range           | 0.2         |
|    entropy_loss         | -0.664      |
|    explained_variance   | 0.573       |
|    learning_rate        | 0.000149    |
|    loss                 | -0.00279    |
|    n_updates            | 210         |
|    policy_gradient_loss | -0.00155    |
|    value_loss           | 9.64e-05    |
-----------------------------------------
------------------------------------------
| rollout/                |              |
|    ep_len_mean          | 4.33e+04     |
|    ep_rew_mean          | -4.15        |
| time/                   |              |
|    fps                  | 4238         |
|    iterations           | 23           |
|    time_elapsed         | 155          |
|    total_timesteps      | 659456       |
| train/                  |              |
|    approx_kl            | 0.0034115703 |
|    clip_fraction        | 0.00771      |
|    clip_range           | 0.2          |
|    entropy_loss         | -0.65        |
|    explained_variance   | 0.4          |
|    learning_rate        | 0.000142     |
|    loss                 | -0.0154      |
|    n_updates            | 220          |
|    policy_gradient_loss | -0.0011      |
|    value_loss           | 0.000126     |
------------------------------------------
------------------------------------------
| rollout/                |              |
|    ep_len_mean          | 4.33e+04     |
|    ep_rew_mean          | -4.15        |
| time/                   |              |
|    fps                  | 4357         |
|    iterations           | 24           |
|    time_elapsed         | 157          |
|    total_timesteps      | 688128       |
| train/                  |              |
|    approx_kl            | 0.0061956192 |
|    clip_fraction        | 0.0135       |
|    clip_range           | 0.2          |
|    entropy_loss         | -0.643       |
|    explained_variance   | 0.33         |
|    learning_rate        | 0.000135     |
|    loss                 | -0.0104      |
|    n_updates            | 230          |
|    policy_gradient_loss | -0.00153     |
|    value_loss           | 0.000148     |
------------------------------------------
------------------------------------------
| rollout/                |              |
|    ep_len_mean          | 4.33e+04     |
|    ep_rew_mean          | -4.15        |
| time/                   |              |
|    fps                  | 4472         |
|    iterations           | 25           |
|    time_elapsed         | 160          |
|    total_timesteps      | 716800       |
| train/                  |              |
|    approx_kl            | 0.0014460393 |
|    clip_fraction        | 0.00293      |
|    clip_range           | 0.2          |
|    entropy_loss         | -0.624       |
|    explained_variance   | 0.499        |
|    learning_rate        | 0.000128     |
|    loss                 | -0.008       |
|    n_updates            | 240          |
|    policy_gradient_loss | -0.000474    |
|    value_loss           | 0.000191     |
------------------------------------------
------------------------------------------
| rollout/                |              |
|    ep_len_mean          | 4.33e+04     |
|    ep_rew_mean          | -4.15        |
| time/                   |              |
|    fps                  | 4584         |
|    iterations           | 26           |
|    time_elapsed         | 162          |
|    total_timesteps      | 745472       |
| train/                  |              |
|    approx_kl            | 0.0037663153 |
|    clip_fraction        | 0.00507      |
|    clip_range           | 0.2          |
|    entropy_loss         | -0.592       |
|    explained_variance   | 0.653        |
|    learning_rate        | 0.000121     |
|    loss                 | -0.0126      |
|    n_updates            | 250          |
|    policy_gradient_loss | -0.000908    |
|    value_loss           | 0.000139     |
------------------------------------------
-----------------------------------------
| rollout/                |             |
|    ep_len_mean          | 4.33e+04    |
|    ep_rew_mean          | -4.15       |
| time/                   |             |
|    fps                  | 4692        |
|    iterations           | 27          |
|    time_elapsed         | 164         |
|    total_timesteps      | 774144      |
| train/                  |             |
|    approx_kl            | 0.002043757 |
|    clip_fraction        | 0.0116      |
|    clip_range           | 0.2         |
|    entropy_loss         | -0.607      |
|    explained_variance   | 0.645       |
|    learning_rate        | 0.000114    |
|    loss                 | -0.00927    |
|    n_updates            | 260         |
|    policy_gradient_loss | -0.000945   |
|    value_loss           | 0.000155    |
-----------------------------------------
------------------------------------------
| rollout/                |              |
|    ep_len_mean          | 4.33e+04     |
|    ep_rew_mean          | -4.15        |
| time/                   |              |
|    fps                  | 4797         |
|    iterations           | 28           |
|    time_elapsed         | 167          |
|    total_timesteps      | 802816       |
| train/                  |              |
|    approx_kl            | 0.0024720256 |
|    clip_fraction        | 0.00511      |
|    clip_range           | 0.2          |
|    entropy_loss         | -0.602       |
|    explained_variance   | 0.653        |
|    learning_rate        | 0.000106     |
|    loss                 | -0.00923     |
|    n_updates            | 270          |
|    policy_gradient_loss | -0.000474    |
|    value_loss           | 0.000153     |
------------------------------------------
------------------------------------------
| rollout/                |              |
|    ep_len_mean          | 4.33e+04     |
|    ep_rew_mean          | -4.15        |
| time/                   |              |
|    fps                  | 4899         |
|    iterations           | 29           |
|    time_elapsed         | 169          |
|    total_timesteps      | 831488       |
| train/                  |              |
|    approx_kl            | 0.0016278187 |
|    clip_fraction        | 0.00643      |
|    clip_range           | 0.2          |
|    entropy_loss         | -0.604       |
|    explained_variance   | 0.581        |
|    learning_rate        | 9.93e-05     |
|    loss                 | -0.00873     |
|    n_updates            | 280          |
|    policy_gradient_loss | -0.000888    |
|    value_loss           | 0.000262     |
------------------------------------------
-----------------------------------------
| rollout/                |             |
|    ep_len_mean          | 4.33e+04    |
|    ep_rew_mean          | -4.15       |
| time/                   |             |
|    fps                  | 4998        |
|    iterations           | 30          |
|    time_elapsed         | 172         |
|    total_timesteps      | 860160      |
| train/                  |             |
|    approx_kl            | 0.004429153 |
|    clip_fraction        | 0.00641     |
|    clip_range           | 0.2         |
|    entropy_loss         | -0.643      |
|    explained_variance   | 0.429       |
|    learning_rate        | 9.21e-05    |
|    loss                 | -0.00911    |
|    n_updates            | 290         |
|    policy_gradient_loss | -0.000805   |
|    value_loss           | 8.47e-05    |
-----------------------------------------
-----------------------------------------
| rollout/                |             |
|    ep_len_mean          | 4.33e+04    |
|    ep_rew_mean          | -4.15       |
| time/                   |             |
|    fps                  | 5095        |
|    iterations           | 31          |
|    time_elapsed         | 174         |
|    total_timesteps      | 888832      |
| train/                  |             |
|    approx_kl            | 0.001159188 |
|    clip_fraction        | 0.000255    |
|    clip_range           | 0.2         |
|    entropy_loss         | -0.627      |
|    explained_variance   | 0.355       |
|    learning_rate        | 8.5e-05     |
|    loss                 | -0.00413    |
|    n_updates            | 300         |
|    policy_gradient_loss | -0.000289   |
|    value_loss           | 0.000103    |
-----------------------------------------
------------------------------------------
| rollout/                |              |
|    ep_len_mean          | 4.33e+04     |
|    ep_rew_mean          | -4.15        |
| time/                   |              |
|    fps                  | 5190         |
|    iterations           | 32           |
|    time_elapsed         | 176          |
|    total_timesteps      | 917504       |
| train/                  |              |
|    approx_kl            | 0.0013415819 |
|    clip_fraction        | 0.00233      |
|    clip_range           | 0.2          |
|    entropy_loss         | -0.615       |
|    explained_variance   | 0.241        |
|    learning_rate        | 7.78e-05     |
|    loss                 | -0.00666     |
|    n_updates            | 310          |
|    policy_gradient_loss | -0.000455    |
|    value_loss           | 0.000122     |
------------------------------------------
------------------------------------------
| rollout/                |              |
|    ep_len_mean          | 4.33e+04     |
|    ep_rew_mean          | -4.15        |
| time/                   |              |
|    fps                  | 5280         |
|    iterations           | 33           |
|    time_elapsed         | 179          |
|    total_timesteps      | 946176       |
| train/                  |              |
|    approx_kl            | 0.0012870085 |
|    clip_fraction        | 0.00266      |
|    clip_range           | 0.2          |
|    entropy_loss         | -0.623       |
|    explained_variance   | 0.371        |
|    learning_rate        | 7.06e-05     |
|    loss                 | -0.00229     |
|    n_updates            | 320          |
|    policy_gradient_loss | -0.000377    |
|    value_loss           | 0.000138     |
------------------------------------------
------------------------------------------
| rollout/                |              |
|    ep_len_mean          | 4.33e+04     |
|    ep_rew_mean          | -4.15        |
| time/                   |              |
|    fps                  | 5368         |
|    iterations           | 34           |
|    time_elapsed         | 181          |
|    total_timesteps      | 974848       |
| train/                  |              |
|    approx_kl            | 0.0036902477 |
|    clip_fraction        | 0.00545      |
|    clip_range           | 0.2          |
|    entropy_loss         | -0.614       |
|    explained_variance   | 0.306        |
|    learning_rate        | 6.35e-05     |
|    loss                 | -0.0097      |
|    n_updates            | 330          |
|    policy_gradient_loss | -0.000773    |
|    value_loss           | 0.000113     |
------------------------------------------
[DEBUG] dumped model+trades @ 1000020 -> /home/henjigcp/git/quant_real_RL/models/v9_fullctrl/v9_fullctrl_seed0_0727-0907_debugdump_1000020 (btc_sel=+0.0000)
-----------------------------------------------------
| rollout/                           |              |
|    ep_len_mean                     | 4.33e+04     |
|    ep_rew_mean                     | -4.15        |
| time/                              |              |
|    fps                             | 3675         |
|    iterations                      | 35           |
|    time_elapsed                    | 272          |
|    total_timesteps                 | 1003520      |
| train/                             |              |
|    approx_kl                       | 0.0025515507 |
|    clip_fraction                   | 0.00156      |
|    clip_range                      | 0.2          |
|    entropy_loss                    | -0.61        |
|    explained_variance              | 0.378        |
|    learning_rate                   | 5.63e-05     |
|    loss                            | -0.0058      |
|    n_updates                       | 340          |
|    policy_gradient_loss            | -0.000447    |
|    value_loss                      | 9.43e-05     |
| valid/                             |              |
|    BTC-USDT-SWAP/compound_mdd_pct  | 0            |
|    BTC-USDT-SWAP/compound_multiple | 1            |
|    BTC-USDT-SWAP/max_single_loss   | 0            |
|    BTC-USDT-SWAP/max_upnl          | 0            |
|    BTC-USDT-SWAP/near_liq_n        | 0            |
|    BTC-USDT-SWAP/near_liq_pct      | 0            |
|    BTC-USDT-SWAP/pnl_std           | 0            |
|    BTC-USDT-SWAP/sel_monthly_log   | 0            |
|    BTC-USDT-SWAP/total_pnl         | 0            |
|    BTC-USDT-SWAP/trades            | 0            |
|    BTC-USDT-SWAP/trades_per_month  | 0            |
|    BTC-USDT-SWAP/win_rate          | 0            |
|    ETH-USDT-SWAP/compound_mdd_pct  | 0            |
|    ETH-USDT-SWAP/compound_multiple | 0            |
|    ETH-USDT-SWAP/max_single_loss   | -100         |
|    ETH-USDT-SWAP/max_upnl          | 0.188        |
|    ETH-USDT-SWAP/near_liq_n        | 1            |
|    ETH-USDT-SWAP/near_liq_pct      | 1            |
|    ETH-USDT-SWAP/pnl_std           | 0            |
|    ETH-USDT-SWAP/total_pnl         | -100         |
|    ETH-USDT-SWAP/trades            | 1            |
|    ETH-USDT-SWAP/trades_per_month  | 0.0846       |
|    ETH-USDT-SWAP/win_rate          | 0            |
-----------------------------------------------------
------------------------------------------
| rollout/                |              |
|    ep_len_mean          | 4.33e+04     |
|    ep_rew_mean          | -4.15        |
| time/                   |              |
|    fps                  | 3739         |
|    iterations           | 36           |
|    time_elapsed         | 276          |
|    total_timesteps      | 1032192      |
| train/                  |              |
|    approx_kl            | 0.0057888767 |
|    clip_fraction        | 0.00971      |
|    clip_range           | 0.2          |
|    entropy_loss         | -0.615       |
|    explained_variance   | 0.261        |
|    learning_rate        | 4.91e-05     |
|    loss                 | -0.00211     |
|    n_updates            | 350          |
|    policy_gradient_loss | -0.00093     |
|    value_loss           | 0.000173     |
------------------------------------------
------------------------------------------
| rollout/                |              |
|    ep_len_mean          | 4.33e+04     |
|    ep_rew_mean          | -4.15        |
| time/                   |              |
|    fps                  | 3810         |
|    iterations           | 37           |
|    time_elapsed         | 278          |
|    total_timesteps      | 1060864      |
| train/                  |              |
|    approx_kl            | 0.0038578499 |
|    clip_fraction        | 0.00342      |
|    clip_range           | 0.2          |
|    entropy_loss         | -0.61        |
|    explained_variance   | 0.524        |
|    learning_rate        | 4.2e-05      |
|    loss                 | -0.00502     |
|    n_updates            | 360          |
|    policy_gradient_loss | -0.000675    |
|    value_loss           | 0.000171     |
------------------------------------------
-----------------------------------------
| rollout/                |             |
|    ep_len_mean          | 4.33e+04    |
|    ep_rew_mean          | -4.15       |
| time/                   |             |
|    fps                  | 3881        |
|    iterations           | 38          |
|    time_elapsed         | 280         |
|    total_timesteps      | 1089536     |
| train/                  |             |
|    approx_kl            | 0.002452662 |
|    clip_fraction        | 0.00584     |
|    clip_range           | 0.2         |
|    entropy_loss         | -0.596      |
|    explained_variance   | 0.224       |
|    learning_rate        | 3.48e-05    |
|    loss                 | -0.00366    |
|    n_updates            | 370         |
|    policy_gradient_loss | -0.000769   |
|    value_loss           | 0.000208    |
-----------------------------------------
------------------------------------------
| rollout/                |              |
|    ep_len_mean          | 4.33e+04     |
|    ep_rew_mean          | -4.15        |
| time/                   |              |
|    fps                  | 3949         |
|    iterations           | 39           |
|    time_elapsed         | 283          |
|    total_timesteps      | 1118208      |
| train/                  |              |
|    approx_kl            | 0.0044436203 |
|    clip_fraction        | 0.00481      |
|    clip_range           | 0.2          |
|    entropy_loss         | -0.54        |
|    explained_variance   | 0.0423       |
|    learning_rate        | 2.76e-05     |
|    loss                 | -0.0049      |
|    n_updates            | 380          |
|    policy_gradient_loss | -0.000558    |
|    value_loss           | 0.000338     |
------------------------------------------
-----------------------------------------
| rollout/                |             |
|    ep_len_mean          | 4.33e+04    |
|    ep_rew_mean          | -4.15       |
| time/                   |             |
|    fps                  | 4016        |
|    iterations           | 40          |
|    time_elapsed         | 285         |
|    total_timesteps      | 1146880     |
| train/                  |             |
|    approx_kl            | 0.003338574 |
|    clip_fraction        | 0.00492     |
|    clip_range           | 0.2         |
|    entropy_loss         | -0.557      |
|    explained_variance   | 0.177       |
|    learning_rate        | 2.04e-05    |
|    loss                 | -0.013      |
|    n_updates            | 390         |
|    policy_gradient_loss | -0.000693   |
|    value_loss           | 0.000337    |
-----------------------------------------
------------------------------------------
| rollout/                |              |
|    ep_len_mean          | 4.33e+04     |
|    ep_rew_mean          | -4.15        |
| time/                   |              |
|    fps                  | 4082         |
|    iterations           | 41           |
|    time_elapsed         | 287          |
|    total_timesteps      | 1175552      |
| train/                  |              |
|    approx_kl            | 0.0016679718 |
|    clip_fraction        | 0.00177      |
|    clip_range           | 0.2          |
|    entropy_loss         | -0.602       |
|    explained_variance   | 0.395        |
|    learning_rate        | 1.33e-05     |
|    loss                 | -0.00314     |
|    n_updates            | 400          |
|    policy_gradient_loss | -0.00039     |
|    value_loss           | 0.000204     |
------------------------------------------
------------------------------------------
| rollout/                |              |
|    ep_len_mean          | 4.33e+04     |
|    ep_rew_mean          | -4.15        |
| time/                   |              |
|    fps                  | 4146         |
|    iterations           | 42           |
|    time_elapsed         | 290          |
|    total_timesteps      | 1204224      |
| train/                  |              |
|    approx_kl            | 0.0005959649 |
|    clip_fraction        | 0            |
|    clip_range           | 0.2          |
|    entropy_loss         | -0.609       |
|    explained_variance   | 0.201        |
|    learning_rate        | 6.11e-06     |
|    loss                 | -0.00233     |
|    n_updates            | 410          |
|    policy_gradient_loss | -0.000172    |
|    value_loss           | 0.000188     |
------------------------------------------
final model saved: /home/henjigcp/git/quant_real_RL/models/v9_fullctrl/v9_fullctrl_seed0_0727-0907_final.zip
